Archive member included to satisfy reference by file (symbol)

/usr/lib/gcc/avr/10.2.0/avrxmega7/libgcc.a(_udivmodqi4.o)
                              Bin/Crypto1.o (__udivmodqi4)
/usr/lib/gcc/avr/10.2.0/avrxmega7/libgcc.a(_udivmodhi4.o)
                              Bin/Commands.o (__udivmodhi4)
/usr/lib/gcc/avr/10.2.0/avrxmega7/libgcc.a(_exit.o)
                              /usr/lib/gcc/avr/10.2.0/../../../../avr/lib/avrxmega7/crtatxmega128a4u.o (exit)
/usr/lib/gcc/avr/10.2.0/avrxmega7/libgcc.a(_copy_data.o)
                              Bin/Button.o (__do_copy_data)
/usr/lib/gcc/avr/10.2.0/avrxmega7/libgcc.a(_clear_bss.o)
                              Bin/Chameleon-Mini.o (__do_clear_bss)
/usr/lib/gcc/avr/10.2.0/avrxmega7/libgcc.a(_bswapsi2.o)
                              Bin/MifareUltralight.o (__bswapsi2)
/usr/lib/gcc/avr/10.2.0/avrxmega7/libgcc.a(_mulshisi3.o)
                              Bin/AntennaLevel.o (__mulshisi3)
/usr/lib/gcc/avr/10.2.0/avrxmega7/libgcc.a(_muluhisi3.o)
                              /usr/lib/gcc/avr/10.2.0/avrxmega7/libgcc.a(_mulshisi3.o) (__muluhisi3)
/usr/lib/gcc/avr/10.2.0/avrxmega7/libgcc.a(_umulhisi3.o)
                              /usr/lib/gcc/avr/10.2.0/avrxmega7/libgcc.a(_muluhisi3.o) (__umulhisi3)
/usr/lib/gcc/avr/10.2.0/../../../../avr/lib/avrxmega7/libc.a(rand.o)
                              Bin/Random.o (rand)
/usr/lib/gcc/avr/10.2.0/../../../../avr/lib/avrxmega7/libc.a(memcpy_P.o)
                              Bin/Configuration.o (memcpy_P)
/usr/lib/gcc/avr/10.2.0/../../../../avr/lib/avrxmega7/libc.a(strcmp_P.o)
                              Bin/Map.o (strcmp_P)
/usr/lib/gcc/avr/10.2.0/../../../../avr/lib/avrxmega7/libc.a(strlen_P.o)
                              Bin/CDCClassDevice.o (__strlen_P)
/usr/lib/gcc/avr/10.2.0/../../../../avr/lib/avrxmega7/libc.a(strncpy_P.o)
                              Bin/Map.o (strncpy_P)
/usr/lib/gcc/avr/10.2.0/../../../../avr/lib/avrxmega7/libc.a(memcmp.o)
                              Bin/MifareUltralight.o (memcmp)
/usr/lib/gcc/avr/10.2.0/../../../../avr/lib/avrxmega7/libc.a(memcpy.o)
                              Bin/Log.o (memcpy)
/usr/lib/gcc/avr/10.2.0/../../../../avr/lib/avrxmega7/libc.a(memmove.o)
                              Bin/Log.o (memmove)
/usr/lib/gcc/avr/10.2.0/../../../../avr/lib/avrxmega7/libc.a(memset.o)
                              Bin/Log.o (memset)
/usr/lib/gcc/avr/10.2.0/../../../../avr/lib/avrxmega7/libc.a(strchr.o)
                              Bin/Commands.o (strchr)
/usr/lib/gcc/avr/10.2.0/../../../../avr/lib/avrxmega7/libc.a(strcpy.o)
                              Bin/Reader14443A.o (strcpy)
/usr/lib/gcc/avr/10.2.0/../../../../avr/lib/avrxmega7/libc.a(snprintf.o)
                              Bin/Commands.o (snprintf)
/usr/lib/gcc/avr/10.2.0/../../../../avr/lib/avrxmega7/libc.a(snprintf_p.o)
                              Bin/Commands.o (snprintf_P)
/usr/lib/gcc/avr/10.2.0/../../../../avr/lib/avrxmega7/libc.a(sscanf_p.o)
                              Bin/Commands.o (sscanf_P)
/usr/lib/gcc/avr/10.2.0/../../../../avr/lib/avrxmega7/libc.a(vfprintf_std.o)
                              /usr/lib/gcc/avr/10.2.0/../../../../avr/lib/avrxmega7/libc.a(snprintf.o) (vfprintf)
/usr/lib/gcc/avr/10.2.0/../../../../avr/lib/avrxmega7/libc.a(vfscanf_std.o)
                              /usr/lib/gcc/avr/10.2.0/../../../../avr/lib/avrxmega7/libc.a(sscanf_p.o) (vfscanf)
/usr/lib/gcc/avr/10.2.0/../../../../avr/lib/avrxmega7/libc.a(isspace.o)
                              /usr/lib/gcc/avr/10.2.0/../../../../avr/lib/avrxmega7/libc.a(vfscanf_std.o) (isspace)
/usr/lib/gcc/avr/10.2.0/../../../../avr/lib/avrxmega7/libc.a(strchr_P.o)
                              /usr/lib/gcc/avr/10.2.0/../../../../avr/lib/avrxmega7/libc.a(vfscanf_std.o) (strchr_P)
/usr/lib/gcc/avr/10.2.0/../../../../avr/lib/avrxmega7/libc.a(strnlen_P.o)
                              /usr/lib/gcc/avr/10.2.0/../../../../avr/lib/avrxmega7/libc.a(vfprintf_std.o) (strnlen_P)
/usr/lib/gcc/avr/10.2.0/../../../../avr/lib/avrxmega7/libc.a(strnlen.o)
                              /usr/lib/gcc/avr/10.2.0/../../../../avr/lib/avrxmega7/libc.a(vfprintf_std.o) (strnlen)
/usr/lib/gcc/avr/10.2.0/../../../../avr/lib/avrxmega7/libc.a(fgetc.o)
                              /usr/lib/gcc/avr/10.2.0/../../../../avr/lib/avrxmega7/libc.a(vfscanf_std.o) (fgetc)
/usr/lib/gcc/avr/10.2.0/../../../../avr/lib/avrxmega7/libc.a(fputc.o)
                              /usr/lib/gcc/avr/10.2.0/../../../../avr/lib/avrxmega7/libc.a(vfprintf_std.o) (fputc)
/usr/lib/gcc/avr/10.2.0/../../../../avr/lib/avrxmega7/libc.a(ungetc.o)
                              /usr/lib/gcc/avr/10.2.0/../../../../avr/lib/avrxmega7/libc.a(vfscanf_std.o) (ungetc)
/usr/lib/gcc/avr/10.2.0/../../../../avr/lib/avrxmega7/libc.a(ultoa_invert.o)
                              /usr/lib/gcc/avr/10.2.0/../../../../avr/lib/avrxmega7/libc.a(vfprintf_std.o) (__ultoa_invert)
[...]
Memory Configuration

Name             Origin             Length             Attributes
text             0x0000000000000000 0x0000000000100000 xr
data             0x0000000000802000 0x000000000000ffa0 rw !x
eeprom           0x0000000000810000 0x0000000000010000 rw !x
fuse             0x0000000000820000 0x0000000000000400 rw !x
lock             0x0000000000830000 0x0000000000000400 rw !x
signature        0x0000000000840000 0x0000000000000400 rw !x
user_signatures  0x0000000000850000 0x0000000000000400 rw !x
*default*        0x0000000000000000 0xffffffffffffffff

Linker script and memory map

LOAD /usr/lib/gcc/avr/10.2.0/../../../../avr/lib/avrxmega7/crtatxmega128a4u.o
LOAD Bin/Chameleon-Mini.o
LOAD Bin/LUFADescriptors.o
LOAD Bin/System.o
LOAD Bin/Configuration.o
LOAD Bin/Random.o
LOAD Bin/Common.o
LOAD Bin/Memory.o
LOAD Bin/MemoryAsm.o
LOAD Bin/Button.o
LOAD Bin/Log.o
LOAD Bin/Settings.o
LOAD Bin/LED.o
LOAD Bin/Map.o
LOAD Bin/AntennaLevel.o
LOAD Bin/Uart.o
LOAD Bin/uartcmd.o
LOAD Bin/Terminal.o
LOAD Bin/Commands.o
LOAD Bin/XModem.o
LOAD Bin/CommandLine.o
LOAD Bin/Codec.o
LOAD Bin/ISO14443-2A.o
LOAD Bin/Reader14443-2A.o
LOAD Bin/SniffISO14443-2A.o
LOAD Bin/Reader14443-ISR.o
LOAD Bin/MifareUltralight.o
LOAD Bin/MifareClassic.o
LOAD Bin/ISO14443-3A.o
LOAD Bin/Crypto1.o
LOAD Bin/Reader14443A.o
LOAD Bin/Sniff14443A.o
LOAD Bin/CryptoTDEA.o
LOAD Bin/ISO15693.o
LOAD Bin/Vicinity.o
LOAD Bin/Sl2s2002.o
LOAD Bin/TITagitstandard.o
LOAD Bin/ISO15693-A.o
LOAD Bin/EM4233.o
LOAD Bin/HIDParser.o
LOAD Bin/ConfigDescriptors.o
LOAD Bin/DeviceStandardReq.o
LOAD Bin/Events.o
LOAD Bin/HostStandardReq.o
LOAD Bin/USBTask.o
LOAD Bin/Device_XMEGA.o
LOAD Bin/EndpointStream_XMEGA.o
LOAD Bin/Endpoint_XMEGA.o
LOAD Bin/Host_XMEGA.o
LOAD Bin/PipeStream_XMEGA.o
LOAD Bin/Pipe_XMEGA.o
LOAD Bin/USBController_XMEGA.o
LOAD Bin/USBInterrupt_XMEGA.o
LOAD Bin/AudioClassDevice.o
LOAD Bin/CDCClassDevice.o
LOAD Bin/HIDClassDevice.o
LOAD Bin/MassStorageClassDevice.o
LOAD Bin/MIDIClassDevice.o
LOAD Bin/PrinterClassDevice.o
LOAD Bin/RNDISClassDevice.o
LOAD Bin/AndroidAccessoryClassHost.o
LOAD Bin/AudioClassHost.o
LOAD Bin/CDCClassHost.o
LOAD Bin/HIDClassHost.o
LOAD Bin/MassStorageClassHost.o
LOAD Bin/MIDIClassHost.o
LOAD Bin/PrinterClassHost.o
LOAD Bin/RNDISClassHost.o
LOAD Bin/StillImageClassHost.o
LOAD /usr/lib/gcc/avr/10.2.0/../../../../avr/lib/avrxmega7/libm.a
Address of section .flashdata set to 0x10000
Address of section .spmhelper set to 0x21fe0
START GROUP
LOAD /usr/lib/gcc/avr/10.2.0/avrxmega7/libgcc.a
LOAD /usr/lib/gcc/avr/10.2.0/../../../../avr/lib/avrxmega7/libm.a
LOAD /usr/lib/gcc/avr/10.2.0/../../../../avr/lib/avrxmega7/libc.a
LOAD /usr/lib/gcc/avr/10.2.0/../../../../avr/lib/avrxmega7/libatxmega128a4u.a
END GROUP
                0x0000000000100000                __TEXT_REGION_LENGTH__ = DEFINED (__TEXT_REGION_LENGTH__)?__TEXT_REGION_LENGTH__:0x100000
                0x000000000000ffa0                __DATA_REGION_LENGTH__ = DEFINED (__DATA_REGION_LENGTH__)?__DATA_REGION_LENGTH__:0xffa0
                0x0000000000010000                __EEPROM_REGION_LENGTH__ = DEFINED (__EEPROM_REGION_LENGTH__)?__EEPROM_REGION_LENGTH__:0x10000
                0x0000000000000400                __FUSE_REGION_LENGTH__ = DEFINED (__FUSE_REGION_LENGTH__)?__FUSE_REGION_LENGTH__:0x400
                0x0000000000000400                __LOCK_REGION_LENGTH__ = DEFINED (__LOCK_REGION_LENGTH__)?__LOCK_REGION_LENGTH__:0x400
                0x0000000000000400                __SIGNATURE_REGION_LENGTH__ = DEFINED (__SIGNATURE_REGION_LENGTH__)?__SIGNATURE_REGION_LENGTH__:0x400
                0x0000000000000400                __USER_SIGNATURE_REGION_LENGTH__ = DEFINED (__USER_SIGNATURE_REGION_LENGTH__)?__USER_SIGNATURE_REGION_LENGTH__:0x400

.hash
 *(.hash)

.dynsym
 *(.dynsym)

.dynstr
 *(.dynstr)

.gnu.version
 *(.gnu.version)

.gnu.version_d
 *(.gnu.version_d)

.gnu.version_r
 *(.gnu.version_r)

.rel.init
 *(.rel.init)

.rela.init
 *(.rela.init)

.rel.text
 *(.rel.text)
 *(.rel.text.*)
 *(.rel.gnu.linkonce.t*)

.rela.text
 *(.rela.text)
 *(.rela.text.*)
 *(.rela.gnu.linkonce.t*)

.rel.fini
 *(.rel.fini)

.rela.fini
 *(.rela.fini)

.rel.rodata
 *(.rel.rodata)
 *(.rel.rodata.*)
 *(.rel.gnu.linkonce.r*)

.rela.rodata
 *(.rela.rodata)
 *(.rela.rodata.*)
 *(.rela.gnu.linkonce.r*)

.rel.data
 *(.rel.data)
 *(.rel.data.*)
 *(.rel.gnu.linkonce.d*)

.rela.data
 *(.rela.data)
 *(.rela.data.*)
 *(.rela.gnu.linkonce.d*)

.rel.ctors
 *(.rel.ctors)

.rela.ctors
 *(.rela.ctors)

.rel.dtors
 *(.rel.dtors)

.rela.dtors
 *(.rela.dtors)

.rel.got
 *(.rel.got)

.rela.got
 *(.rela.got)

.rel.bss
 *(.rel.bss)

.rela.bss
 *(.rela.bss)

.rel.plt
 *(.rel.plt)

.rela.plt
 *(.rela.plt)

.text           0x0000000000000000    0x1037a
 *(.vectors)
 .vectors       0x0000000000000000      0x1fc /usr/lib/gcc/avr/10.2.0/../../../../avr/lib/avrxmega7/crtatxmega128a4u.o
                0x0000000000000000                __vectors
 *(.vectors)
 *(.progmem.gcc*)
                0x00000000000001fc                . = ALIGN (0x2)
                0x00000000000001fc                __trampolines_start = .
 *(.trampolines)
 .trampolines   0x00000000000001fc      0x2d0 linker stubs
 *(.trampolines*)
                0x00000000000004cc                __trampolines_end = .
 *libprintf_flt.a:*(.progmem.data)
 *libc.a:*(.progmem.data)
 .progmem.data  0x00000000000004cc        0xc /usr/lib/gcc/avr/10.2.0/../../../../avr/lib/avrxmega7/libc.a(vfscanf_std.o)
 *(.progmem.*)
 .progmem.data  0x00000000000004d8       0xa0 Bin/LUFADescriptors.o
                0x00000000000004d8                ProductString
                0x00000000000004f8                ManufacturerString
                0x0000000000000524                LanguageString
                0x0000000000000528                ConfigurationDescriptor
                0x0000000000000566                DeviceDescriptor
 .progmem.data  0x0000000000000578      0x44e Bin/Configuration.o
 .progmem.data  0x00000000000009c6      0x200 Bin/Common.o
                0x00000000000009c6                OddParityByteTable
                0x0000000000000ac6                BitReverseByteTable
 .progmem.data  0x0000000000000bc6      0x1ce Bin/Button.o
 .progmem.data  0x0000000000000d94       0x63 Bin/Log.o
 .progmem.data  0x0000000000000df7      0x16b Bin/LED.o
 .progmem.data  0x0000000000000f62      0x1a9 Bin/Commands.o
 .progmem.data  0x000000000000110b      0x573 Bin/CommandLine.o
                0x0000000000001246                CommandTable
 .progmem.data  0x000000000000167e      0x681 Bin/Reader14443A.o
                0x0000000000001d00                . = ALIGN (0x2)
 *fill*         0x0000000000001cff        0x1 
 *(.lowtext)
 *(.lowtext*)
                0x0000000000001d00                __ctors_start = .
 *(.ctors)
                0x0000000000001d00                __ctors_end = .
                0x0000000000001d00                __dtors_start = .
 *(.dtors)
                0x0000000000001d00                __dtors_end = .
 SORT_BY_NAME(*)(.ctors)
 SORT_BY_NAME(*)(.dtors)
 *(.init0)
 .init0         0x0000000000001d00        0x0 /usr/lib/gcc/avr/10.2.0/../../../../avr/lib/avrxmega7/crtatxmega128a4u.o
                0x0000000000001d00                __init
 *(.init0)
 *(.init1)
 *(.init1)
 *(.init2)
 .init2         0x0000000000001d00       0x18 /usr/lib/gcc/avr/10.2.0/../../../../avr/lib/avrxmega7/crtatxmega128a4u.o
 *(.init2)
 *(.init3)
 *(.init3)
 *(.init4)
 .init4         0x0000000000001d18       0x1c /usr/lib/gcc/avr/10.2.0/avrxmega7/libgcc.a(_copy_data.o)
                0x0000000000001d18                __do_copy_data
 .init4         0x0000000000001d34       0x10 /usr/lib/gcc/avr/10.2.0/avrxmega7/libgcc.a(_clear_bss.o)
                0x0000000000001d34                __do_clear_bss
 *(.init4)
 *(.init5)
 *(.init5)
 *(.init6)
 *(.init6)
 *(.init7)
 *(.init7)
 *(.init8)
 *(.init8)
 *(.init9)
 .init9         0x0000000000001d44        0x8 /usr/lib/gcc/avr/10.2.0/../../../../avr/lib/avrxmega7/crtatxmega128a4u.o
 *(.init9)
 *(.text)
 .text          0x0000000000001d4c        0x4 /usr/lib/gcc/avr/10.2.0/../../../../avr/lib/avrxmega7/crtatxmega128a4u.o
                0x0000000000001d4c                __vector_38
                0x0000000000001d4c                __vector_104
                0x0000000000001d4c                __vector_22
                0x0000000000001d4c                __vector_63
                0x0000000000001d4c                __vector_28
                0x0000000000001d4c                __vector_67
                0x0000000000001d4c                __vector_1
                0x0000000000001d4c                __vector_119
                0x0000000000001d4c                __vector_32
                0x0000000000001d4c                __vector_75
                0x0000000000001d4c                __vector_71
                0x0000000000001d4c                __vector_91
                0x0000000000001d4c                __vector_62
                0x0000000000001d4c                __vector_77
                0x0000000000001d4c                __vector_102
                0x0000000000001d4c                __vector_24
                0x0000000000001d4c                __vector_12
                0x0000000000001d4c                __vector_55
                0x0000000000001d4c                __vector_90
                0x0000000000001d4c                __vector_46
                0x0000000000001d4c                __bad_interrupt
                0x0000000000001d4c                __vector_122
                0x0000000000001d4c                __vector_72
                0x0000000000001d4c                __vector_114
                0x0000000000001d4c                __vector_6
                0x0000000000001d4c                __vector_110
                0x0000000000001d4c                __vector_31
                0x0000000000001d4c                __vector_92
                0x0000000000001d4c                __vector_78
                0x0000000000001d4c                __vector_74
                0x0000000000001d4c                __vector_117
                0x0000000000001d4c                __vector_39
                0x0000000000001d4c                __vector_107
                0x0000000000001d4c                __vector_3
                0x0000000000001d4c                __vector_105
                0x0000000000001d4c                __vector_98
                0x0000000000001d4c                __vector_23
                0x0000000000001d4c                __vector_30
                0x0000000000001d4c                __vector_73
                0x0000000000001d4c                __vector_45
                0x0000000000001d4c                __vector_25
                0x0000000000001d4c                __vector_93
                0x0000000000001d4c                __vector_61
                0x0000000000001d4c                __vector_11
                0x0000000000001d4c                __vector_54
                0x0000000000001d4c                __vector_99
                0x0000000000001d4c                __vector_13
                0x0000000000001d4c                __vector_17
                0x0000000000001d4c                __vector_19
                0x0000000000001d4c                __vector_56
                0x0000000000001d4c                __vector_7
                0x0000000000001d4c                __vector_123
                0x0000000000001d4c                __vector_41
                0x0000000000001d4c                __vector_100
                0x0000000000001d4c                __vector_101
                0x0000000000001d4c                __vector_64
                0x0000000000001d4c                __vector_88
                0x0000000000001d4c                __vector_109
                0x0000000000001d4c                __vector_43
                0x0000000000001d4c                __vector_27
                0x0000000000001d4c                __vector_5
                0x0000000000001d4c                __vector_113
                0x0000000000001d4c                __vector_33
                0x0000000000001d4c                __vector_76
                0x0000000000001d4c                __vector_115
                0x0000000000001d4c                __vector_52
                0x0000000000001d4c                __vector_37
                0x0000000000001d4c                __vector_95
                0x0000000000001d4c                __vector_103
                0x0000000000001d4c                __vector_96
                0x0000000000001d4c                __vector_89
                0x0000000000001d4c                __vector_108
                0x0000000000001d4c                __vector_4
                0x0000000000001d4c                __vector_44
                0x0000000000001d4c                __vector_106
                0x0000000000001d4c                __vector_118
                0x0000000000001d4c                __vector_51
                0x0000000000001d4c                __vector_9
                0x0000000000001d4c                __vector_2
                0x0000000000001d4c                __vector_21
                0x0000000000001d4c                __vector_15
                0x0000000000001d4c                __vector_66
                0x0000000000001d4c                __vector_36
                0x0000000000001d4c                __vector_70
                0x0000000000001d4c                __vector_83
                0x0000000000001d4c                __vector_29
                0x0000000000001d4c                __vector_60
                0x0000000000001d4c                __vector_121
                0x0000000000001d4c                __vector_40
                0x0000000000001d4c                __vector_94
                0x0000000000001d4c                __vector_126
                0x0000000000001d4c                __vector_8
                0x0000000000001d4c                __vector_26
                0x0000000000001d4c                __vector_48
                0x0000000000001d4c                __vector_124
                0x0000000000001d4c                __vector_116
                0x0000000000001d4c                __vector_112
                0x0000000000001d4c                __vector_111
                0x0000000000001d4c                __vector_14
                0x0000000000001d4c                __vector_84
                0x0000000000001d4c                __vector_57
                0x0000000000001d4c                __vector_53
                0x0000000000001d4c                __vector_16
                0x0000000000001d4c                __vector_59
                0x0000000000001d4c                __vector_18
                0x0000000000001d4c                __vector_97
                0x0000000000001d4c                __vector_20
                0x0000000000001d4c                __vector_42
                0x0000000000001d4c                __vector_87
                0x0000000000001d4c                __vector_65
                0x0000000000001d4c                __vector_120
 .text          0x0000000000001d50       0x72 Bin/MemoryAsm.o
                0x0000000000001d50                FlashReadWord
                0x0000000000001d5e                FlashEraseApplicationPage
                0x0000000000001d6a                FlashLoadFlashWord
                0x0000000000001d74                FlashEraseWriteApplicationPage
                0x0000000000001d80                FlashEraseFlashBuffer
                0x0000000000001d88                FlashWaitForSPM
 .text          0x0000000000001dc2       0x86 Bin/Reader14443-ISR.o
                0x0000000000001dc2                __vector_80
 .text          0x0000000000001e48      0x282 Bin/CryptoTDEA.o
                0x0000000000001eea                CryptoDecrypt2KTDEA
                0x0000000000001f38                CryptoEncrypt2KTDEA
                0x00000000000020a6                CryptoEncrypt2KTDEA_CBCSend
                0x00000000000020ac                CryptoEncrypt2KTDEA_CBCReceive
                0x00000000000020b2                CryptoDecrypt2KTDEA_CBCSend
                0x00000000000020b8                CryptoDecrypt2KTDEA_CBCReceive
                0x00000000000020be                CryptoEncrypt3KTDEA_CBCSend
                0x00000000000020c4                CryptoEncrypt3KTDEA_CBCReceive
                0x00000000000020ca                . = ALIGN (0x2)
 *(.text.*)
 .text.startup.main
                0x00000000000020ca      0x18a Bin/Chameleon-Mini.o
                0x00000000000020ca                main
 .text.CALLBACK_USB_GetDescriptor
                0x0000000000002254       0x62 Bin/LUFADescriptors.o
                0x0000000000002254                CALLBACK_USB_GetDescriptor
 .text.__vector_default
                0x00000000000022b6       0x12 Bin/System.o
                0x00000000000022b6                __vector_default
 .text.__vector_10
                0x00000000000022c8       0x2e Bin/System.o
                0x00000000000022c8                __vector_10
 .text.SystemInit
                0x00000000000022f6       0x84 Bin/System.o
                0x00000000000022f6                SystemInit
 .text.SystemReset
                0x000000000000237a        0xc Bin/System.o
                0x000000000000237a                SystemReset
 .text.SystemEnterBootloader
                0x0000000000002386        0xc Bin/System.o
                0x0000000000002386                SystemEnterBootloader
 .text.SystemTick100ms
                0x0000000000002392       0x1e Bin/System.o
                0x0000000000002392                SystemTick100ms
 .text.SystemStartUSBClock
                0x00000000000023b0       0x5c Bin/System.o
                0x00000000000023b0                SystemStartUSBClock
 .text.SystemStopUSBClock
                0x000000000000240c       0x20 Bin/System.o
                0x000000000000240c                SystemStopUSBClock
 .text.SystemInterruptInit
                0x000000000000242c        0xa Bin/System.o
                0x000000000000242c                SystemInterruptInit
 .text.CodecInitDummy
                0x0000000000002436        0x2 Bin/Configuration.o
 .text.ApplicationProcessDummy
                0x0000000000002438        0x6 Bin/Configuration.o
 .text.ApplicationGetUidDummy
                0x000000000000243e        0x2 Bin/Configuration.o
 .text.ApplicationSetUidDummy
                0x0000000000002440        0x2 Bin/Configuration.o
 .text.ApplicationTickDummy
                0x0000000000002442        0x2 Bin/Configuration.o
 .text.ApplicationTaskDummy
                0x0000000000002444        0x2 Bin/Configuration.o
 .text.ApplicationResetDummy
                0x0000000000002446        0x2 Bin/Configuration.o
 .text.ApplicationInitDummy
                0x0000000000002448        0x2 Bin/Configuration.o
 .text.CodecTaskDummy
                0x000000000000244a        0x2 Bin/Configuration.o
 .text.CodecDeInitDummy
                0x000000000000244c        0x2 Bin/Configuration.o
 .text.ConfigurationSetById
                0x000000000000244e       0x5a Bin/Configuration.o
                0x000000000000244e                ConfigurationSetById
 .text.ConfigurationInit
                0x00000000000024a8       0x28 Bin/Configuration.o
                0x00000000000024a8                ConfigurationInit
 .text.ConfigurationGetByName
                0x00000000000024d0       0x22 Bin/Configuration.o
                0x00000000000024d0                ConfigurationGetByName
 .text.ConfigurationSetByName
                0x00000000000024f2       0x7e Bin/Configuration.o
                0x00000000000024f2                ConfigurationSetByName
 .text.ConfigurationGetList
                0x0000000000002570        0xe Bin/Configuration.o
                0x0000000000002570                ConfigurationGetList
 .text.RandomInit
                0x000000000000257e        0x2 Bin/Random.o
                0x000000000000257e                RandomInit
 .text.RandomGetByte
                0x0000000000002580        0x6 Bin/Random.o
                0x0000000000002580                RandomGetByte
 .text.RandomGetBuffer
                0x0000000000002586       0x24 Bin/Random.o
                0x0000000000002586                RandomGetBuffer
 .text.RandomTick
                0x00000000000025aa       0x10 Bin/Random.o
                0x00000000000025aa                RandomTick
 .text.BufferToHexString
                0x00000000000025ba       0x58 Bin/Common.o
                0x00000000000025ba                BufferToHexString
 .text.HexStringToBuffer
                0x0000000000002612       0x76 Bin/Common.o
                0x0000000000002612                HexStringToBuffer
 .text.MemoryReadBlock
                0x0000000000002688       0x9c Bin/Memory.o
                0x0000000000002688                MemoryReadBlock
 .text.MemoryRecall
                0x0000000000002724      0x110 Bin/Memory.o
                0x0000000000002724                MemoryRecall
 .text.MemoryClear
                0x0000000000002834       0x64 Bin/Memory.o
                0x0000000000002834                MemoryClear
 .text.MemoryDownloadBlock
                0x0000000000002898      0x10a Bin/Memory.o
                0x0000000000002898                MemoryDownloadBlock
 .text.WaitForNVM
                0x00000000000029a2        0xa Bin/Memory.o
                0x00000000000029a2                WaitForNVM
 .text.FlushNVMBuffer
                0x00000000000029ac       0x24 Bin/Memory.o
                0x00000000000029ac                FlushNVMBuffer
 .text.ReadEEPBlock
                0x00000000000029d0       0x6c Bin/Memory.o
                0x00000000000029d0                ReadEEPBlock
 .text.MemoryInit
                0x0000000000002a3c       0x80 Bin/Memory.o
                0x0000000000002a3c                MemoryInit
 .text.WriteEEPBlock
                0x0000000000002abc       0xe4 Bin/Memory.o
                0x0000000000002abc                WriteEEPBlock
 .text.MemoryWriteBlock
                0x0000000000002ba0      0x126 Bin/Memory.o
                0x0000000000002ba0                MemoryWriteBlock
 .text.MemoryStore
                0x0000000000002cc6      0x13c Bin/Memory.o
                0x0000000000002cc6                MemoryStore
 .text.MemoryUploadBlock
                0x0000000000002e02      0x164 Bin/Memory.o
                0x0000000000002e02                MemoryUploadBlock
 .text.ExecuteButtonAction
                0x0000000000002f66      0x2d0 Bin/Button.o
 .text.ButtonInit
                0x0000000000003236       0x10 Bin/Button.o
                0x0000000000003236                ButtonInit
 .text.ButtonTick
                0x0000000000003246       0xa8 Bin/Button.o
                0x0000000000003246                ButtonTick
 .text.ButtonGetActionList
                0x00000000000032ee        0xe Bin/Button.o
                0x00000000000032ee                ButtonGetActionList
 .text.ButtonSetActionById
                0x00000000000032fc       0x26 Bin/Button.o
                0x00000000000032fc                ButtonSetActionById
 .text.ButtonGetActionByName
                0x0000000000003322       0x26 Bin/Button.o
                0x0000000000003322                ButtonGetActionByName
 .text.ButtonSetActionByName
                0x0000000000003348       0x3e Bin/Button.o
                0x0000000000003348                ButtonSetActionByName
 .text.LogFuncOff
                0x0000000000003386        0x2 Bin/Log.o
 .text.LogFuncLive
                0x0000000000003388       0x4c Bin/Log.o
 .text.LogTask  0x00000000000033d4        0x2 Bin/Log.o
                0x00000000000033d4                LogTask
 .text.LogMemLoadBlock
                0x00000000000033d6      0x12e Bin/Log.o
                0x00000000000033d6                LogMemLoadBlock
 .text.LogSRAMClear
                0x0000000000003504       0x3c Bin/Log.o
                0x0000000000003504                LogSRAMClear
 .text.LogMemClear
                0x0000000000003540       0x28 Bin/Log.o
                0x0000000000003540                LogMemClear
 .text.LogMemFree
                0x0000000000003568       0x18 Bin/Log.o
                0x0000000000003568                LogMemFree
 .text.LogSetModeById
                0x0000000000003580       0x52 Bin/Log.o
                0x0000000000003580                LogSetModeById
 .text.LogInit  0x00000000000035d2       0xb6 Bin/Log.o
                0x00000000000035d2                LogInit
 .text.LogFuncMemory
                0x0000000000003688       0x8c Bin/Log.o
 .text.LogSetModeByName
                0x0000000000003714       0x36 Bin/Log.o
                0x0000000000003714                LogSetModeByName
 .text.LogGetModeByName
                0x000000000000374a       0x22 Bin/Log.o
                0x000000000000374a                LogGetModeByName
 .text.LogGetModeList
                0x000000000000376c        0xe Bin/Log.o
                0x000000000000376c                LogGetModeList
 .text.LogSRAMToFRAM
                0x000000000000377a       0xe8 Bin/Log.o
                0x000000000000377a                LogSRAMToFRAM
 .text.LogTick  0x0000000000003862        0xc Bin/Log.o
                0x0000000000003862                LogTick
 .text.SettingsSave
                0x000000000000386e       0x10 Bin/Settings.o
                0x000000000000386e                SettingsSave
 .text.SettingsLoad
                0x000000000000387e       0x86 Bin/Settings.o
                0x000000000000387e                SettingsLoad
 .text.SettingsSetActiveById
                0x0000000000003904       0xc6 Bin/Settings.o
                0x0000000000003904                SettingsSetActiveById
 .text.SettingsCycle
                0x00000000000039ca       0x3c Bin/Settings.o
                0x00000000000039ca                SettingsCycle
 .text.SettingsGetActiveByName
                0x0000000000003a06        0xe Bin/Settings.o
                0x0000000000003a06                SettingsGetActiveByName
 .text.SettingsSetActiveByName
                0x0000000000003a14       0x14 Bin/Settings.o
                0x0000000000003a14                SettingsSetActiveByName
 .text.LEDHook  0x0000000000003a28       0x1e Bin/LED.o
                0x0000000000003a28                LEDHook
 .text.LEDInit  0x0000000000003a46       0x18 Bin/LED.o
                0x0000000000003a46                LEDInit
 .text.Led8Map  0x0000000000003a5e       0xa4 Bin/LED.o
                0x0000000000003a5e                Led8Map
 .text.Tick     0x0000000000003b02       0x76 Bin/LED.o
                0x0000000000003b02                Tick
 .text.LEDTick  0x0000000000003b78       0x32 Bin/LED.o
                0x0000000000003b78                LEDTick
 .text.LEDGetFuncList
                0x0000000000003baa        0xe Bin/LED.o
                0x0000000000003baa                LEDGetFuncList
 .text.LEDSetFuncById
                0x0000000000003bb8       0x3c Bin/LED.o
                0x0000000000003bb8                LEDSetFuncById
 .text.LEDGetFuncByName
                0x0000000000003bf4       0x36 Bin/LED.o
                0x0000000000003bf4                LEDGetFuncByName
 .text.LEDSetFuncByName
                0x0000000000003c2a       0x3e Bin/LED.o
                0x0000000000003c2a                LEDSetFuncByName
 .text.MapIdToText
                0x0000000000003c68       0x32 Bin/Map.o
                0x0000000000003c68                MapIdToText
 .text.MapTextToId
                0x0000000000003c9a       0x52 Bin/Map.o
                0x0000000000003c9a                MapTextToId
 .text.MapToString
                0x0000000000003cec       0x3e Bin/Map.o
                0x0000000000003cec                MapToString
 .text.AntennaLevelTick
                0x0000000000003d2a       0x94 Bin/AntennaLevel.o
                0x0000000000003d2a                AntennaLevelTick
 .text.uart_fifo_get
                0x0000000000003dbe       0x38 Bin/Uart.o
                0x0000000000003dbe                uart_fifo_get
 .text.uart_putc
                0x0000000000003df6        0xe Bin/Uart.o
                0x0000000000003df6                uart_putc
 .text.__vector_58
                0x0000000000003e04       0xca Bin/Uart.o
                0x0000000000003e04                __vector_58
 .text.uart_fifo_put
                0x0000000000003ece       0x68 Bin/Uart.o
                0x0000000000003ece                uart_fifo_put
 .text.uart_putb
                0x0000000000003f36       0x24 Bin/Uart.o
                0x0000000000003f36                uart_putb
 .text.uart_task
                0x0000000000003f5a       0xd6 Bin/Uart.o
                0x0000000000003f5a                uart_task
 .text.uart_baudrate
                0x0000000000004030       0x8c Bin/Uart.o
                0x0000000000004030                uart_baudrate
 .text.uart_init
                0x00000000000040bc       0x64 Bin/Uart.o
                0x00000000000040bc                uart_init
 .text.GetChkSum
                0x0000000000004120       0x2e Bin/uartcmd.o
                0x0000000000004120                GetChkSum
 .text.uartcmd_init
                0x000000000000414e        0xe Bin/uartcmd.o
                0x000000000000414e                uartcmd_init
 .text.CmdUartRx
                0x000000000000415c       0x42 Bin/uartcmd.o
                0x000000000000415c                CmdUartRx
 .text.uartcmd_tick
                0x000000000000419e       0x72 Bin/uartcmd.o
                0x000000000000419e                uartcmd_tick
 .text.CmdUartPowerDown
                0x0000000000004210       0x2c Bin/uartcmd.o
                0x0000000000004210                CmdUartPowerDown
 .text.uartcmd_task
                0x000000000000423c       0x9c Bin/uartcmd.o
                0x000000000000423c                uartcmd_task
 .text.TerminalSendByte
                0x00000000000042d8       0x34 Bin/Terminal.o
                0x00000000000042d8                TerminalSendByte
 .text.TerminalSendStringP
                0x000000000000430c       0x1c Bin/Terminal.o
                0x000000000000430c                TerminalSendStringP
 .text.TerminalSendBlock
                0x0000000000004328       0x18 Bin/Terminal.o
                0x0000000000004328                TerminalSendBlock
 .text.TerminalSendString
                0x0000000000004340       0x14 Bin/Terminal.o
                0x0000000000004340                TerminalSendString
 .text.ProcessByte
                0x0000000000004354       0x3a Bin/Terminal.o
                0x0000000000004354                ProcessByte
 .text.TerminalInit
                0x000000000000438e        0x8 Bin/Terminal.o
                0x000000000000438e                TerminalInit
 .text.TerminalTask
                0x0000000000004396       0x1a Bin/Terminal.o
                0x0000000000004396                TerminalTask
 .text.TerminalTick
                0x00000000000043b0       0x8a Bin/Terminal.o
                0x00000000000043b0                TerminalTick
 .text.EVENT_USB_Device_Connect
                0x000000000000443a        0x8 Bin/Terminal.o
                0x000000000000443a                EVENT_USB_Device_Connect
 .text.EVENT_USB_Device_Disconnect
                0x0000000000004442        0x8 Bin/Terminal.o
                0x0000000000004442                EVENT_USB_Device_Disconnect
 .text.EVENT_USB_Device_ConfigurationChanged
                0x000000000000444a        0x8 Bin/Terminal.o
                0x000000000000444a                EVENT_USB_Device_ConfigurationChanged
 .text.EVENT_USB_Device_ControlRequest
                0x0000000000004452        0x8 Bin/Terminal.o
                0x0000000000004452                EVENT_USB_Device_ControlRequest
 .text.CommandGetVersion
                0x000000000000445a       0x4c Bin/Commands.o
                0x000000000000445a                CommandGetVersion
 .text.CommandGetConfig
                0x00000000000044a6        0xc Bin/Commands.o
                0x00000000000044a6                CommandGetConfig
 .text.CommandSetConfig
                0x00000000000044b2       0x44 Bin/Commands.o
                0x00000000000044b2                CommandSetConfig
 .text.CommandGetUid
                0x00000000000044f6       0x7e Bin/Commands.o
                0x00000000000044f6                CommandGetUid
 .text.CommandSetUid
                0x0000000000004574       0xa4 Bin/Commands.o
                0x0000000000004574                CommandSetUid
 .text.CommandGetReadOnly
                0x0000000000004618       0x18 Bin/Commands.o
                0x0000000000004618                CommandGetReadOnly
 .text.CommandSetReadOnly
                0x0000000000004630       0x5a Bin/Commands.o
                0x0000000000004630                CommandSetReadOnly
 .text.CommandExecUpload
                0x000000000000468a        0xc Bin/Commands.o
                0x000000000000468a                CommandExecUpload
 .text.CommandExecDownload
                0x0000000000004696        0xc Bin/Commands.o
                0x0000000000004696                CommandExecDownload
 .text.CommandExecReset
                0x00000000000046a2       0x16 Bin/Commands.o
                0x00000000000046a2                CommandExecReset
 .text.CommandExecUpgrade
                0x00000000000046b8       0x16 Bin/Commands.o
                0x00000000000046b8                CommandExecUpgrade
 .text.CommandGetMemSize
                0x00000000000046ce       0x30 Bin/Commands.o
                0x00000000000046ce                CommandGetMemSize
 .text.CommandGetUidSize
                0x00000000000046fe       0x2c Bin/Commands.o
                0x00000000000046fe                CommandGetUidSize
 .text.CommandGetRButton
                0x000000000000472a       0x10 Bin/Commands.o
                0x000000000000472a                CommandGetRButton
 .text.CommandSetRButton
                0x000000000000473a       0x32 Bin/Commands.o
                0x000000000000473a                CommandSetRButton
 .text.CommandGetRButtonLong
                0x000000000000476c       0x10 Bin/Commands.o
                0x000000000000476c                CommandGetRButtonLong
 .text.CommandSetRButtonLong
                0x000000000000477c       0x32 Bin/Commands.o
                0x000000000000477c                CommandSetRButtonLong
 .text.CommandGetLButton
                0x00000000000047ae       0x10 Bin/Commands.o
                0x00000000000047ae                CommandGetLButton
 .text.CommandSetLButton
                0x00000000000047be       0x32 Bin/Commands.o
                0x00000000000047be                CommandSetLButton
 .text.CommandGetLButtonLong
                0x00000000000047f0       0x10 Bin/Commands.o
                0x00000000000047f0                CommandGetLButtonLong
 .text.CommandSetLButtonLong
                0x0000000000004800       0x32 Bin/Commands.o
                0x0000000000004800                CommandSetLButtonLong
 .text.CommandGetLedGreen
                0x0000000000004832       0x10 Bin/Commands.o
                0x0000000000004832                CommandGetLedGreen
 .text.CommandSetLedGreen
                0x0000000000004842       0x32 Bin/Commands.o
                0x0000000000004842                CommandSetLedGreen
 .text.CommandGetLedRed
                0x0000000000004874       0x10 Bin/Commands.o
                0x0000000000004874                CommandGetLedRed
 .text.CommandSetLedRed
                0x0000000000004884       0x32 Bin/Commands.o
                0x0000000000004884                CommandSetLedRed
 .text.CommandGetLogMode
                0x00000000000048b6        0xc Bin/Commands.o
                0x00000000000048b6                CommandGetLogMode
 .text.CommandSetLogMode
                0x00000000000048c2       0x30 Bin/Commands.o
                0x00000000000048c2                CommandSetLogMode
 .text.CommandGetLogMem
                0x00000000000048f2       0x4a Bin/Commands.o
                0x00000000000048f2                CommandGetLogMem
 .text.CommandExecLogDownload
                0x000000000000493c        0xc Bin/Commands.o
                0x000000000000493c                CommandExecLogDownload
 .text.CommandExecStoreLog
                0x0000000000004948        0x8 Bin/Commands.o
                0x0000000000004948                CommandExecStoreLog
 .text.CommandExecLogClear
                0x0000000000004950        0x8 Bin/Commands.o
                0x0000000000004950                CommandExecLogClear
 .text.CommandGetSetting
                0x0000000000004958        0xc Bin/Commands.o
                0x0000000000004958                CommandGetSetting
 .text.CommandSetSetting
                0x0000000000004964       0x12 Bin/Commands.o
                0x0000000000004964                CommandSetSetting
 .text.CommandExecClear
                0x0000000000004976        0x8 Bin/Commands.o
                0x0000000000004976                CommandExecClear
 .text.CommandExecStore
                0x000000000000497e        0x8 Bin/Commands.o
                0x000000000000497e                CommandExecStore
 .text.CommandExecRecall
                0x0000000000004986        0x8 Bin/Commands.o
                0x0000000000004986                CommandExecRecall
 .text.CommandGetCharging
                0x000000000000498e        0xc Bin/Commands.o
                0x000000000000498e                CommandGetCharging
 .text.CommandExecHelp
                0x000000000000499a       0x7a Bin/Commands.o
                0x000000000000499a                CommandExecHelp
 .text.CommandGetRssi
                0x0000000000004a14       0x80 Bin/Commands.o
                0x0000000000004a14                CommandGetRssi
 .text.CommandGetSysTick
                0x0000000000004a94       0x38 Bin/Commands.o
                0x0000000000004a94                CommandGetSysTick
 .text.CommandExecParamSend
                0x0000000000004acc      0x114 Bin/Commands.o
                0x0000000000004acc                CommandExecParamSend
 .text.CommandExecParamSendRaw
                0x0000000000004be0      0x13e Bin/Commands.o
                0x0000000000004be0                CommandExecParamSendRaw
 .text.CommandExecDumpMFU
                0x0000000000004d1e       0x3a Bin/Commands.o
                0x0000000000004d1e                CommandExecDumpMFU
 .text.CommandExecGetUid
                0x0000000000004d58       0x3a Bin/Commands.o
                0x0000000000004d58                CommandExecGetUid
 .text.CommandExecIdentifyCard
                0x0000000000004d92       0x3a Bin/Commands.o
                0x0000000000004d92                CommandExecIdentifyCard
 .text.CommandGetTimeout
                0x0000000000004dcc       0x40 Bin/Commands.o
                0x0000000000004dcc                CommandGetTimeout
 .text.CommandSetTimeout
                0x0000000000004e0c       0xa6 Bin/Commands.o
                0x0000000000004e0c                CommandSetTimeout
 .text.CommandGetThreshold
                0x0000000000004eb2       0x34 Bin/Commands.o
                0x0000000000004eb2                CommandGetThreshold
 .text.CommandSetThreshold
                0x0000000000004ee6       0xaa Bin/Commands.o
                0x0000000000004ee6                CommandSetThreshold
 .text.CommandSetField
                0x0000000000004f90       0x58 Bin/Commands.o
                0x0000000000004f90                CommandSetField
 .text.CommandGetField
                0x0000000000004fe8       0x20 Bin/Commands.o
                0x0000000000004fe8                CommandGetField
 .text.CommandExecAutocalibrate
                0x0000000000005008       0x58 Bin/Commands.o
                0x0000000000005008                CommandExecAutocalibrate
 .text.CommandExecClone
                0x0000000000005060       0x2e Bin/Commands.o
                0x0000000000005060                CommandExecClone
 .text.CommandGetBaudrate
                0x000000000000508e       0x3c Bin/Commands.o
                0x000000000000508e                CommandGetBaudrate
 .text.SendTestCmd
                0x00000000000050ca       0x40 Bin/Commands.o
                0x00000000000050ca                SendTestCmd
 .text.CommandSetLedMode
                0x000000000000510a       0x78 Bin/Commands.o
                0x000000000000510a                CommandSetLedMode
 .text.CommandGetLedMode
                0x0000000000005182       0x18 Bin/Commands.o
                0x0000000000005182                CommandGetLedMode
 .text.CommandSetUidMode
                0x000000000000519a       0x6a Bin/Commands.o
                0x000000000000519a                CommandSetUidMode
 .text.CommandGetUidMode
                0x0000000000005204       0x10 Bin/Commands.o
                0x0000000000005204                CommandGetUidMode
 .text.CommandSetSakMode
                0x0000000000005214       0x8c Bin/Commands.o
                0x0000000000005214                CommandSetSakMode
 .text.CommandGetSakMode
                0x00000000000052a0       0x20 Bin/Commands.o
                0x00000000000052a0                CommandGetSakMode
 .text.XModemReceive
                0x00000000000052c0       0x38 Bin/XModem.o
                0x00000000000052c0                XModemReceive
 .text.XModemSend
                0x00000000000052f8       0x2c Bin/XModem.o
                0x00000000000052f8                XModemSend
 .text.XModemProcessByte
                0x0000000000005324      0x274 Bin/XModem.o
                0x0000000000005324                XModemProcessByte
 .text.XModemTick
                0x0000000000005598       0x72 Bin/XModem.o
                0x0000000000005598                XModemTick
 .text.GetStatusMessageP
                0x000000000000560a       0x28 Bin/CommandLine.o
 .text.CallCommandFunc
                0x0000000000005632       0x70 Bin/CommandLine.o
 .text.CommandExecute
                0x00000000000056a2       0x46 Bin/CommandLine.o
                0x00000000000056a2                CommandExecute
 .text.CommandLineProcessByte
                0x00000000000056e8      0x158 Bin/CommandLine.o
                0x00000000000056e8                CommandLineProcessByte
 .text.CommandLineTick
                0x0000000000005840       0x72 Bin/CommandLine.o
                0x0000000000005840                CommandLineTick
 .text.CommandLinePendingTaskBreak
                0x00000000000058b2       0x36 Bin/CommandLine.o
                0x00000000000058b2                CommandLinePendingTaskBreak
 .text.CommandLinePendingTaskFinished
                0x00000000000058e8       0x3e Bin/CommandLine.o
                0x00000000000058e8                CommandLinePendingTaskFinished
 .text.CommandLineAppendData
                0x0000000000005926       0xa0 Bin/CommandLine.o
                0x0000000000005926                CommandLineAppendData
 .text.CodecReaderFieldStart
                0x00000000000059c6       0x4a Bin/Codec.o
                0x00000000000059c6                CodecReaderFieldStart
 .text.CodecReaderFieldStop
                0x0000000000005a10       0x12 Bin/Codec.o
                0x0000000000005a10                CodecReaderFieldStop
 .text.CodecIsReaderFieldReady
                0x0000000000005a22       0x4c Bin/Codec.o
                0x0000000000005a22                CodecIsReaderFieldReady
 .text.CodecIsReaderToBeRestarted
                0x0000000000005a6e       0x42 Bin/Codec.o
                0x0000000000005a6e                CodecIsReaderToBeRestarted
 .text.CodecThresholdSet
                0x0000000000005ab0       0x16 Bin/Codec.o
                0x0000000000005ab0                CodecThresholdSet
 .text.CodecThresholdIncrement
                0x0000000000005ac6       0x20 Bin/Codec.o
                0x0000000000005ac6                CodecThresholdIncrement
 .text.CodecThresholdReset
                0x0000000000005ae6       0x1a Bin/Codec.o
                0x0000000000005ae6                CodecThresholdReset
 .text.StartDemod
                0x0000000000005b00       0x5c Bin/ISO14443-2A.o
 .text.isr_ISO14443_2A_TCD0_CCC_vect
                0x0000000000005b5c       0x3a Bin/ISO14443-2A.o
                0x0000000000005b5c                isr_ISO14443_2A_TCD0_CCC_vect
 .text.__vector_34
                0x0000000000005b96       0x6c Bin/ISO14443-2A.o
                0x0000000000005b96                __vector_34
 .text.__vector_79
                0x0000000000005c02      0x130 Bin/ISO14443-2A.o
                0x0000000000005c02                __vector_79
 .text.__vector_47
                0x0000000000005d32      0x17c Bin/ISO14443-2A.o
                0x0000000000005d32                __vector_47
 .text.ISO14443ACodecInit
                0x0000000000005eae      0x102 Bin/ISO14443-2A.o
                0x0000000000005eae                ISO14443ACodecInit
 .text.ISO14443ACodecDeInit
                0x0000000000005fb0       0x3e Bin/ISO14443-2A.o
                0x0000000000005fb0                ISO14443ACodecDeInit
 .text.ISO14443ACodecTask
                0x0000000000005fee       0xfe Bin/ISO14443-2A.o
                0x0000000000005fee                ISO14443ACodecTask
 .text.isr_Reader14443_2A_TCD0_CCC_vect
                0x00000000000060ec       0x50 Bin/Reader14443-2A.o
                0x00000000000060ec                isr_Reader14443_2A_TCD0_CCC_vect
 .text.Reader14443ACodecInit
                0x000000000000613c      0x110 Bin/Reader14443-2A.o
                0x000000000000613c                Reader14443ACodecInit
 .text.Reader14443ACodecDeInit
                0x000000000000624c       0x26 Bin/Reader14443-2A.o
                0x000000000000624c                Reader14443ACodecDeInit
 .text.__vector_81
                0x0000000000006272       0x6c Bin/Reader14443-2A.o
                0x0000000000006272                __vector_81
 .text.Reader14443AMillerEOC
                0x00000000000062de       0x1e Bin/Reader14443-2A.o
                0x00000000000062de                Reader14443AMillerEOC
 .text.__vector_85
                0x00000000000062fc      0x10e Bin/Reader14443-2A.o
                0x00000000000062fc                __vector_85
 .text.__vector_69
                0x000000000000640a       0x46 Bin/Reader14443-2A.o
                0x000000000000640a                __vector_69
 .text.__vector_49
                0x0000000000006450      0x136 Bin/Reader14443-2A.o
                0x0000000000006450                __vector_49
 .text.Reader14443ACodecTask
                0x0000000000006586      0x5c4 Bin/Reader14443-2A.o
                0x0000000000006586                Reader14443ACodecTask
 .text.Reader14443ACodecStart
                0x0000000000006b4a        0xe Bin/Reader14443-2A.o
                0x0000000000006b4a                Reader14443ACodecStart
 .text.Reader14443ACodecReset
                0x0000000000006b58       0xda Bin/Reader14443-2A.o
                0x0000000000006b58                Reader14443ACodecReset
 .text.isr_SniffISO14443_2A_CODEC_TIMER_LOADMOD_CCB_VECT
                0x0000000000006c32      0x168 Bin/SniffISO14443-2A.o
                0x0000000000006c32                isr_SniffISO14443_2A_CODEC_TIMER_LOADMOD_CCB_VECT
 .text.__vector_35
                0x0000000000006d9a       0x4e Bin/SniffISO14443-2A.o
                0x0000000000006d9a                __vector_35
 .text.__vector_82
                0x0000000000006de8      0x232 Bin/SniffISO14443-2A.o
                0x0000000000006de8                __vector_82
 .text.__vector_68
                0x000000000000701a       0x4a Bin/SniffISO14443-2A.o
                0x000000000000701a                __vector_68
 .text.__vector_50
                0x0000000000007064       0x6c Bin/SniffISO14443-2A.o
                0x0000000000007064                __vector_50
 .text.__vector_86
                0x00000000000070d0      0x170 Bin/SniffISO14443-2A.o
                0x00000000000070d0                __vector_86
 .text.Sniff14443ACodecInit
                0x0000000000007240      0x17a Bin/SniffISO14443-2A.o
                0x0000000000007240                Sniff14443ACodecInit
 .text.Sniff14443ACodecDeInit
                0x00000000000073ba       0x42 Bin/SniffISO14443-2A.o
                0x00000000000073ba                Sniff14443ACodecDeInit
 .text.Sniff14443ACodecTask
                0x00000000000073fc      0x166 Bin/SniffISO14443-2A.o
                0x00000000000073fc                Sniff14443ACodecTask
 .text.VerifyAuthentication
                0x0000000000007562       0x24 Bin/MifareUltralight.o
 .text.AppInitEV1Common
                0x0000000000007586       0x6e Bin/MifareUltralight.o
 .text.IncrementCounter
                0x00000000000075f4       0x80 Bin/MifareUltralight.o
 .text.MifareUltralightCAppInit
                0x0000000000007674      0x134 Bin/MifareUltralight.o
                0x0000000000007674                MifareUltralightCAppInit
 .text.MifareUltralightAppInit
                0x00000000000077a8       0x28 Bin/MifareUltralight.o
                0x00000000000077a8                MifareUltralightAppInit
 .text.MifareUltralightEV11AppInit
                0x00000000000077d0        0xa Bin/MifareUltralight.o
                0x00000000000077d0                MifareUltralightEV11AppInit
 .text.MifareUltralightEV12AppInit
                0x00000000000077da        0xa Bin/MifareUltralight.o
                0x00000000000077da                MifareUltralightEV12AppInit
 .text.MifareUltralightAppReset
                0x00000000000077e4        0x8 Bin/MifareUltralight.o
                0x00000000000077e4                MifareUltralightAppReset
 .text.MifareUltralightCAppReset
                0x00000000000077ec        0xc Bin/MifareUltralight.o
                0x00000000000077ec                MifareUltralightCAppReset
 .text.MifareUltralightAppTask
                0x00000000000077f8        0x2 Bin/MifareUltralight.o
                0x00000000000077f8                MifareUltralightAppTask
 .text.MifareUltralightAppProcess
                0x00000000000077fa      0x8a2 Bin/MifareUltralight.o
                0x00000000000077fa                MifareUltralightAppProcess
 .text.MifareUltralightGetUid
                0x000000000000809c       0x26 Bin/MifareUltralight.o
                0x000000000000809c                MifareUltralightGetUid
 .text.MifareUltralightSetUid
                0x00000000000080c2       0x80 Bin/MifareUltralight.o
                0x00000000000080c2                MifareUltralightSetUid
 .text.DetectionLogToFlash
                0x0000000000008142       0xd6 Bin/MifareClassic.o
 .text.RfLogMemLoadBlock
                0x0000000000008218       0x58 Bin/MifareClassic.o
                0x0000000000008218                RfLogMemLoadBlock
 .text.MifareClassicAppInitMini4B
                0x0000000000008270       0x1e Bin/MifareClassic.o
                0x0000000000008270                MifareClassicAppInitMini4B
 .text.DetectionLogClear
                0x000000000000828e       0x1c Bin/MifareClassic.o
                0x000000000000828e                DetectionLogClear
 .text.DetectionInit
                0x00000000000082aa       0x56 Bin/MifareClassic.o
                0x00000000000082aa                DetectionInit
 .text.CommandGetDetection
                0x0000000000008300        0xc Bin/MifareClassic.o
                0x0000000000008300                CommandGetDetection
 .text.CommandSetDetection
                0x000000000000830c        0x8 Bin/MifareClassic.o
                0x000000000000830c                CommandSetDetection
 .text.MifareClassicAppInit1K
                0x0000000000008314       0x50 Bin/MifareClassic.o
                0x0000000000008314                MifareClassicAppInit1K
 .text.MifareClassicAppInit1K7B
                0x0000000000008364       0x22 Bin/MifareClassic.o
                0x0000000000008364                MifareClassicAppInit1K7B
 .text.MifareClassicAppInit4K
                0x0000000000008386       0x50 Bin/MifareClassic.o
                0x0000000000008386                MifareClassicAppInit4K
 .text.MifareClassicAppInit4K7B
                0x00000000000083d6       0x22 Bin/MifareClassic.o
                0x00000000000083d6                MifareClassicAppInit4K7B
 .text.MifareDetectionInit1K
                0x00000000000083f8       0x5c Bin/MifareClassic.o
                0x00000000000083f8                MifareDetectionInit1K
 .text.MifareDetectionInit4K
                0x0000000000008454       0x58 Bin/MifareClassic.o
                0x0000000000008454                MifareDetectionInit4K
 .text.MifareClassicAppReset
                0x00000000000084ac        0x8 Bin/MifareClassic.o
                0x00000000000084ac                MifareClassicAppReset
 .text.MifareClassicAppTask
                0x00000000000084b4        0x2 Bin/MifareClassic.o
                0x00000000000084b4                MifareClassicAppTask
 .text.MifareClassicAppProcess
                0x00000000000084b6      0xff8 Bin/MifareClassic.o
                0x00000000000084b6                MifareClassicAppProcess
 .text.MifareClassicGetUid
                0x00000000000094ae       0x3c Bin/MifareClassic.o
                0x00000000000094ae                MifareClassicGetUid
 .text.MifareClassicSetUid
                0x00000000000094ea       0x5e Bin/MifareClassic.o
                0x00000000000094ea                MifareClassicSetUid
 .text.ISO14443AAppendCRCA
                0x0000000000009548       0x56 Bin/ISO14443-3A.o
                0x0000000000009548                ISO14443AAppendCRCA
 .text.ISO14443ACheckCRCA
                0x000000000000959e       0x64 Bin/ISO14443-3A.o
                0x000000000000959e                ISO14443ACheckCRCA
 .text.Crypto1Setup
                0x0000000000009602      0x58a Bin/Crypto1.o
                0x0000000000009602                Crypto1Setup
 .text.Crypto1SetupNested
                0x0000000000009b8c      0x602 Bin/Crypto1.o
                0x0000000000009b8c                Crypto1SetupNested
 .text.Crypto1Auth
                0x000000000000a18e      0x48e Bin/Crypto1.o
                0x000000000000a18e                Crypto1Auth
 .text.Crypto1Nibble
                0x000000000000a61c      0x1ee Bin/Crypto1.o
                0x000000000000a61c                Crypto1Nibble
 .text.Crypto1ByteArray
                0x000000000000a80a      0x3e2 Bin/Crypto1.o
                0x000000000000a80a                Crypto1ByteArray
 .text.Crypto1ByteArrayWithParity
                0x000000000000abec      0x418 Bin/Crypto1.o
                0x000000000000abec                Crypto1ByteArrayWithParity
 .text.Crypto1PRNG
                0x000000000000b004      0x118 Bin/Crypto1.o
                0x000000000000b004                Crypto1PRNG
 .text.addParityBits
                0x000000000000b11c       0xe4 Bin/Reader14443A.o
                0x000000000000b11c                addParityBits
 .text.Reader14443A_Deselect
                0x000000000000b200       0x2c Bin/Reader14443A.o
 .text.removeParityBits
                0x000000000000b22c       0xa6 Bin/Reader14443A.o
                0x000000000000b22c                removeParityBits
 .text.checkParityBits
                0x000000000000b2d2       0xae Bin/Reader14443A.o
                0x000000000000b2d2                checkParityBits
 .text.Reader14443AAppInit
                0x000000000000b380        0x6 Bin/Reader14443A.o
                0x000000000000b380                Reader14443AAppInit
 .text.Reader14443AAppReset
                0x000000000000b386        0xe Bin/Reader14443A.o
                0x000000000000b386                Reader14443AAppReset
 .text.Reader14443AAppTimeout
                0x000000000000b394        0xe Bin/Reader14443A.o
                0x000000000000b394                Reader14443AAppTimeout
 .text.Reader14443AAppTask
                0x000000000000b3a2        0x2 Bin/Reader14443A.o
                0x000000000000b3a2                Reader14443AAppTask
 .text.Reader14443AAppTick
                0x000000000000b3a4        0x2 Bin/Reader14443A.o
                0x000000000000b3a4                Reader14443AAppTick
 .text.ISO14443_CRCA
                0x000000000000b3a6       0x3a Bin/Reader14443A.o
                0x000000000000b3a6                ISO14443_CRCA
 .text.Reader14443A_Select
                0x000000000000b3e0      0x202 Bin/Reader14443A.o
 .text.Identify
                0x000000000000b5e2      0x324 Bin/Reader14443A.o
 .text.Reader14443AAppProcess
                0x000000000000b906      0xa02 Bin/Reader14443A.o
                0x000000000000b906                Reader14443AAppProcess
 .text.Sniff14443AAppInit
                0x000000000000c308       0x1c Bin/Sniff14443A.o
                0x000000000000c308                Sniff14443AAppInit
 .text.Sniff14443AAppReset
                0x000000000000c324        0xa Bin/Sniff14443A.o
                0x000000000000c324                Sniff14443AAppReset
 .text.Sniff14443AAppTask
                0x000000000000c32e        0x2 Bin/Sniff14443A.o
                0x000000000000c32e                Sniff14443AAppTask
 .text.Sniff14443AAppTick
                0x000000000000c330        0x2 Bin/Sniff14443A.o
                0x000000000000c330                Sniff14443AAppTick
 .text.Sniff14443AAppTimeout
                0x000000000000c332        0x4 Bin/Sniff14443A.o
                0x000000000000c332                Sniff14443AAppTimeout
 .text.Sniff14443AAppProcess
                0x000000000000c336      0x280 Bin/Sniff14443A.o
                0x000000000000c336                Sniff14443AAppProcess
 .text.isr_ISO15693_CODEC_DEMOD_IN_INT0_VECT
                0x000000000000c5b6       0x12 Bin/ISO15693.o
                0x000000000000c5b6                isr_ISO15693_CODEC_DEMOD_IN_INT0_VECT
 .text.isr_ISO15693_CODEC_TIMER_SAMPLING_CCC_VECT
                0x000000000000c5c8      0x1cc Bin/ISO15693.o
                0x000000000000c5c8                isr_ISO15693_CODEC_TIMER_SAMPLING_CCC_VECT
 .text.isr_ISO15693_CODEC_TIMER_LOADMOD_CCB_VECT
                0x000000000000c794      0x2b6 Bin/ISO15693.o
                0x000000000000c794                isr_ISO15693_CODEC_TIMER_LOADMOD_CCB_VECT
 .text.StartISO15693Demod
                0x000000000000ca4a       0x86 Bin/ISO15693.o
                0x000000000000ca4a                StartISO15693Demod
 .text.ISO15693CodecInit
                0x000000000000cad0      0x106 Bin/ISO15693.o
                0x000000000000cad0                ISO15693CodecInit
 .text.ISO15693CodecDeInit
                0x000000000000cbd6       0x66 Bin/ISO15693.o
                0x000000000000cbd6                ISO15693CodecDeInit
 .text.ISO15693CodecTask
                0x000000000000cc3c      0x100 Bin/ISO15693.o
                0x000000000000cc3c                ISO15693CodecTask
 .text.VicinityAppInit
                0x000000000000cd3c        0x6 Bin/Vicinity.o
                0x000000000000cd3c                VicinityAppInit
 .text.VicinityAppReset
                0x000000000000cd42        0x6 Bin/Vicinity.o
                0x000000000000cd42                VicinityAppReset
 .text.VicinityAppTask
                0x000000000000cd48        0x2 Bin/Vicinity.o
                0x000000000000cd48                VicinityAppTask
 .text.VicinityAppTick
                0x000000000000cd4a        0x2 Bin/Vicinity.o
                0x000000000000cd4a                VicinityAppTick
 .text.VicinityAppProcess
                0x000000000000cd4c      0x212 Bin/Vicinity.o
                0x000000000000cd4c                VicinityAppProcess
 .text.VicinityGetUid
                0x000000000000cf5e        0xe Bin/Vicinity.o
                0x000000000000cf5e                VicinityGetUid
 .text.VicinitySetUid
                0x000000000000cf6c        0xe Bin/Vicinity.o
                0x000000000000cf6c                VicinitySetUid
 .text.Sl2s2002AppInit
                0x000000000000cf7a        0x6 Bin/Sl2s2002.o
                0x000000000000cf7a                Sl2s2002AppInit
 .text.Sl2s2002AppReset
                0x000000000000cf80        0x6 Bin/Sl2s2002.o
                0x000000000000cf80                Sl2s2002AppReset
 .text.Sl2s2002AppTask
                0x000000000000cf86        0x2 Bin/Sl2s2002.o
                0x000000000000cf86                Sl2s2002AppTask
 .text.Sl2s2002AppTick
                0x000000000000cf88        0x2 Bin/Sl2s2002.o
                0x000000000000cf88                Sl2s2002AppTick
 .text.Sl2s2002AppProcess
                0x000000000000cf8a      0x44e Bin/Sl2s2002.o
                0x000000000000cf8a                Sl2s2002AppProcess
 .text.Sl2s2002GetUid
                0x000000000000d3d8        0xe Bin/Sl2s2002.o
                0x000000000000d3d8                Sl2s2002GetUid
 .text.Sl2s2002SetUid
                0x000000000000d3e6        0xe Bin/Sl2s2002.o
                0x000000000000d3e6                Sl2s2002SetUid
 .text.TITagitstandardAppInit
                0x000000000000d3f4       0x3c Bin/TITagitstandard.o
                0x000000000000d3f4                TITagitstandardAppInit
 .text.TITagitstandardAppReset
                0x000000000000d430       0x1c Bin/TITagitstandard.o
                0x000000000000d430                TITagitstandardAppReset
 .text.TITagitstandardAppTask
                0x000000000000d44c        0x2 Bin/TITagitstandard.o
                0x000000000000d44c                TITagitstandardAppTask
 .text.TITagitstandardAppTick
                0x000000000000d44e        0x2 Bin/TITagitstandard.o
                0x000000000000d44e                TITagitstandardAppTick
 .text.TITagitstandardFlipUid
                0x000000000000d450       0x26 Bin/TITagitstandard.o
                0x000000000000d450                TITagitstandardFlipUid
 .text.TITagitstandardGetUid
                0x000000000000d476       0x22 Bin/TITagitstandard.o
                0x000000000000d476                TITagitstandardGetUid
 .text.TITagitstandardAppProcess
                0x000000000000d498      0x2bc Bin/TITagitstandard.o
                0x000000000000d498                TITagitstandardAppProcess
 .text.TITagitstandardSetUid
                0x000000000000d754       0x22 Bin/TITagitstandard.o
                0x000000000000d754                TITagitstandardSetUid
 .text.calculateCRC
                0x000000000000d776       0x46 Bin/ISO15693-A.o
                0x000000000000d776                calculateCRC
 .text.ISO15693AppendCRC
                0x000000000000d7bc       0x22 Bin/ISO15693-A.o
                0x000000000000d7bc                ISO15693AppendCRC
 .text.ISO15693CheckCRC
                0x000000000000d7de       0x2e Bin/ISO15693-A.o
                0x000000000000d7de                ISO15693CheckCRC
 .text.ISO15693PrepareFrame
                0x000000000000d80c      0x136 Bin/ISO15693-A.o
                0x000000000000d80c                ISO15693PrepareFrame
 .text.ISO15693AntiColl
                0x000000000000d942       0x9a Bin/ISO15693-A.o
                0x000000000000d942                ISO15693AntiColl
 .text.EM4233AppInit
                0x000000000000d9dc       0x2e Bin/EM4233.o
                0x000000000000d9dc                EM4233AppInit
 .text.EM4233AppReset
                0x000000000000da0a       0x20 Bin/EM4233.o
                0x000000000000da0a                EM4233AppReset
 .text.EM4233AppTask
                0x000000000000da2a        0x2 Bin/EM4233.o
                0x000000000000da2a                EM4233AppTask
 .text.EM4233AppTick
                0x000000000000da2c        0x2 Bin/EM4233.o
                0x000000000000da2c                EM4233AppTick
 .text.EM4233_Lock_Block
                0x000000000000da2e       0x68 Bin/EM4233.o
                0x000000000000da2e                EM4233_Lock_Block
 .text.EM4233_Write_Single
                0x000000000000da96       0x84 Bin/EM4233.o
                0x000000000000da96                EM4233_Write_Single
 .text.EM4233_Read_Single
                0x000000000000db1a       0xce Bin/EM4233.o
                0x000000000000db1a                EM4233_Read_Single
 .text.EM4233_Read_Multiple
                0x000000000000dbe8      0x1a2 Bin/EM4233.o
                0x000000000000dbe8                EM4233_Read_Multiple
 .text.EM4233_Write_AFI
                0x000000000000dd8a       0x5c Bin/EM4233.o
                0x000000000000dd8a                EM4233_Write_AFI
 .text.EM4233_Lock_AFI
                0x000000000000dde6       0x4a Bin/EM4233.o
                0x000000000000dde6                EM4233_Lock_AFI
 .text.EM4233_Write_DSFID
                0x000000000000de30       0x56 Bin/EM4233.o
                0x000000000000de30                EM4233_Write_DSFID
 .text.EM4233_Lock_DSFID
                0x000000000000de86       0x4a Bin/EM4233.o
                0x000000000000de86                EM4233_Lock_DSFID
 .text.EM4233_Get_Multi_Block_Sec_Stat
                0x000000000000ded0       0x62 Bin/EM4233.o
                0x000000000000ded0                EM4233_Get_Multi_Block_Sec_Stat
 .text.EM4233_Select
                0x000000000000df32       0x90 Bin/EM4233.o
                0x000000000000df32                EM4233_Select
 .text.EM4233_Reset_To_Ready
                0x000000000000dfc2       0x24 Bin/EM4233.o
                0x000000000000dfc2                EM4233_Reset_To_Ready
 .text.EM4233_Login
                0x000000000000dfe6       0x8a Bin/EM4233.o
                0x000000000000dfe6                EM4233_Login
 .text.EM4233_Auth1
                0x000000000000e070       0x26 Bin/EM4233.o
                0x000000000000e070                EM4233_Auth1
 .text.EM4233_Auth2
                0x000000000000e096       0x20 Bin/EM4233.o
                0x000000000000e096                EM4233_Auth2
 .text.EM4233GetUid
                0x000000000000e0b6        0xe Bin/EM4233.o
                0x000000000000e0b6                EM4233GetUid
 .text.EM4233_Get_SysInfo
                0x000000000000e0c4       0xf0 Bin/EM4233.o
                0x000000000000e0c4                EM4233_Get_SysInfo
 .text.EM4233AppProcess
                0x000000000000e1b4      0x27e Bin/EM4233.o
                0x000000000000e1b4                EM4233AppProcess
 .text.EM4233SetUid
                0x000000000000e432        0xe Bin/EM4233.o
                0x000000000000e432                EM4233SetUid
 .text.USB_Device_ProcessControlRequest
                0x000000000000e440      0x28c Bin/DeviceStandardReq.o
                0x000000000000e440                USB_Device_ProcessControlRequest
 .text.USB_Event_Stub
                0x000000000000e6cc        0x2 Bin/Events.o
                0x000000000000e6cc                EVENT_USB_Device_WakeUp
                0x000000000000e6cc                USB_Event_Stub
                0x000000000000e6cc                EVENT_USB_Device_Suspend
                0x000000000000e6cc                EVENT_USB_Device_StartOfFrame
                0x000000000000e6cc                EVENT_USB_Device_Reset
 .text.USB_USBTask
                0x000000000000e6ce       0x2a Bin/USBTask.o
                0x000000000000e6ce                USB_USBTask
 .text.Endpoint_Write_Stream_LE
                0x000000000000e6f8       0xb0 Bin/EndpointStream_XMEGA.o
                0x000000000000e6f8                Endpoint_Write_Stream_LE
 .text.Endpoint_Write_Control_Stream_LE
                0x000000000000e7a8      0x100 Bin/EndpointStream_XMEGA.o
                0x000000000000e7a8                Endpoint_Write_Control_Stream_LE
 .text.Endpoint_Write_Control_PStream_LE
                0x000000000000e8a8      0x104 Bin/EndpointStream_XMEGA.o
                0x000000000000e8a8                Endpoint_Write_Control_PStream_LE
 .text.Endpoint_ClearIN
                0x000000000000e9ac       0x32 Bin/Endpoint_XMEGA.o
                0x000000000000e9ac                Endpoint_ClearIN
 .text.Endpoint_ClearOUT
                0x000000000000e9de       0x1e Bin/Endpoint_XMEGA.o
                0x000000000000e9de                Endpoint_ClearOUT
 .text.Endpoint_Read_8
                0x000000000000e9fc       0x20 Bin/Endpoint_XMEGA.o
                0x000000000000e9fc                Endpoint_Read_8
 .text.Endpoint_Write_8
                0x000000000000ea1c       0x20 Bin/Endpoint_XMEGA.o
                0x000000000000ea1c                Endpoint_Write_8
 .text.Endpoint_SelectEndpoint
                0x000000000000ea3c       0x50 Bin/Endpoint_XMEGA.o
                0x000000000000ea3c                Endpoint_SelectEndpoint
 .text.Endpoint_IsINReady
                0x000000000000ea8c       0x1a Bin/Endpoint_XMEGA.o
                0x000000000000ea8c                Endpoint_IsINReady
 .text.Endpoint_IsOUTReceived
                0x000000000000eaa6       0x32 Bin/Endpoint_XMEGA.o
                0x000000000000eaa6                Endpoint_IsOUTReceived
 .text.Endpoint_IsSETUPReceived
                0x000000000000ead8       0x32 Bin/Endpoint_XMEGA.o
                0x000000000000ead8                Endpoint_IsSETUPReceived
 .text.Endpoint_ClearSETUP
                0x000000000000eb0a       0x5c Bin/Endpoint_XMEGA.o
                0x000000000000eb0a                Endpoint_ClearSETUP
 .text.Endpoint_StallTransaction
                0x000000000000eb66       0x38 Bin/Endpoint_XMEGA.o
                0x000000000000eb66                Endpoint_StallTransaction
 .text.Endpoint_ConfigureEndpoint_PRV
                0x000000000000eb9e       0x72 Bin/Endpoint_XMEGA.o
                0x000000000000eb9e                Endpoint_ConfigureEndpoint_PRV
 .text.Endpoint_ConfigureEndpointTable
                0x000000000000ec10       0xaa Bin/Endpoint_XMEGA.o
                0x000000000000ec10                Endpoint_ConfigureEndpointTable
 .text.Endpoint_ClearEndpoints
                0x000000000000ecba       0x38 Bin/Endpoint_XMEGA.o
                0x000000000000ecba                Endpoint_ClearEndpoints
 .text.Endpoint_ClearStatusStage
                0x000000000000ecf2       0x30 Bin/Endpoint_XMEGA.o
                0x000000000000ecf2                Endpoint_ClearStatusStage
 .text.Endpoint_WaitUntilReady
                0x000000000000ed22       0x86 Bin/Endpoint_XMEGA.o
                0x000000000000ed22                Endpoint_WaitUntilReady
 .text.USB_Disable
                0x000000000000eda8       0x1e Bin/USBController_XMEGA.o
                0x000000000000eda8                USB_Disable
 .text.USB_ResetInterface
                0x000000000000edc6       0x64 Bin/USBController_XMEGA.o
                0x000000000000edc6                USB_ResetInterface
 .text.USB_Init
                0x000000000000ee2a       0x54 Bin/USBController_XMEGA.o
                0x000000000000ee2a                USB_Init
 .text.USB_INT_DisableAllInterrupts
                0x000000000000ee7e        0xe Bin/USBInterrupt_XMEGA.o
                0x000000000000ee7e                USB_INT_DisableAllInterrupts
 .text.USB_INT_ClearAllInterrupts
                0x000000000000ee8c        0xc Bin/USBInterrupt_XMEGA.o
                0x000000000000ee8c                USB_INT_ClearAllInterrupts
 .text.__vector_125
                0x000000000000ee98       0xfa Bin/USBInterrupt_XMEGA.o
                0x000000000000ee98                __vector_125
 .text.CDC_Device_ConfigureEndpoints
                0x000000000000ef92       0x50 Bin/CDCClassDevice.o
                0x000000000000ef92                CDC_Device_ConfigureEndpoints
 .text.CDC_Device_SendData
                0x000000000000efe2       0x50 Bin/CDCClassDevice.o
                0x000000000000efe2                CDC_Device_SendData
 .text.CDC_Device_SendByte
                0x000000000000f032       0x5e Bin/CDCClassDevice.o
                0x000000000000f032                CDC_Device_SendByte
 .text.CDC_Device_Flush
                0x000000000000f090       0x88 Bin/CDCClassDevice.o
                0x000000000000f090                CDC_Device_Flush
 .text.CDC_Device_USBTask
                0x000000000000f118       0x3c Bin/CDCClassDevice.o
                0x000000000000f118                CDC_Device_USBTask
 .text.CDC_Device_ReceiveByte
                0x000000000000f154       0xa6 Bin/CDCClassDevice.o
                0x000000000000f154                CDC_Device_ReceiveByte
 .text.CDC_Device_Event_Stub
                0x000000000000f1fa        0x2 Bin/CDCClassDevice.o
                0x000000000000f1fa                EVENT_CDC_Device_LineEncodingChanged
                0x000000000000f1fa                EVENT_CDC_Device_ControLineStateChanged
                0x000000000000f1fa                EVENT_CDC_Device_BreakSent
                0x000000000000f1fa                CDC_Device_Event_Stub
 .text.CDC_Device_ProcessControlRequest
                0x000000000000f1fc      0x16e Bin/CDCClassDevice.o
                0x000000000000f1fc                CDC_Device_ProcessControlRequest
 .text.libgcc.div
                0x000000000000f36a       0x28 /usr/lib/gcc/avr/10.2.0/avrxmega7/libgcc.a(_udivmodhi4.o)
                0x000000000000f36a                __udivmodhi4
 .text.libgcc.builtins
                0x000000000000f392        0xe /usr/lib/gcc/avr/10.2.0/avrxmega7/libgcc.a(_bswapsi2.o)
                0x000000000000f392                __bswapsi2
 .text.libgcc.mul
                0x000000000000f3a0       0x10 /usr/lib/gcc/avr/10.2.0/avrxmega7/libgcc.a(_mulshisi3.o)
                0x000000000000f3a0                __mulshisi3
                0x000000000000f3a6                __mulohisi3
 .text.libgcc.mul
                0x000000000000f3b0       0x16 /usr/lib/gcc/avr/10.2.0/avrxmega7/libgcc.a(_muluhisi3.o)
                0x000000000000f3b0                __muluhisi3
 .text.libgcc.mul
                0x000000000000f3c6       0x1e /usr/lib/gcc/avr/10.2.0/avrxmega7/libgcc.a(_umulhisi3.o)
                0x000000000000f3c6                __umulhisi3
 .text.avr-libc
                0x000000000000f3e4       0xe0 /usr/lib/gcc/avr/10.2.0/../../../../avr/lib/avrxmega7/libc.a(rand.o)
                0x000000000000f4a2                rand_r
                0x000000000000f4a6                rand
                0x000000000000f4ae                srand
 .text.avr-libc
                0x000000000000f4c4       0x12 /usr/lib/gcc/avr/10.2.0/../../../../avr/lib/avrxmega7/libc.a(memcpy_P.o)
                0x000000000000f4c4                memcpy_P
 .text.avr-libc
                0x000000000000f4d6       0x12 /usr/lib/gcc/avr/10.2.0/../../../../avr/lib/avrxmega7/libc.a(strcmp_P.o)
                0x000000000000f4d6                strcmp_P
 .text.avr-libc
                0x000000000000f4e8       0x1e /usr/lib/gcc/avr/10.2.0/../../../../avr/lib/avrxmega7/libc.a(strncpy_P.o)
                0x000000000000f4e8                strncpy_P
 .text.avr-libc
                0x000000000000f506       0x1a /usr/lib/gcc/avr/10.2.0/../../../../avr/lib/avrxmega7/libc.a(memcmp.o)
                0x000000000000f506                memcmp
 .text.avr-libc
                0x000000000000f520       0x12 /usr/lib/gcc/avr/10.2.0/../../../../avr/lib/avrxmega7/libc.a(memcpy.o)
                0x000000000000f520                memcpy
 .text.avr-libc
                0x000000000000f532       0x24 /usr/lib/gcc/avr/10.2.0/../../../../avr/lib/avrxmega7/libc.a(memmove.o)
                0x000000000000f532                memmove
 .text.avr-libc
                0x000000000000f556        0xe /usr/lib/gcc/avr/10.2.0/../../../../avr/lib/avrxmega7/libc.a(memset.o)
                0x000000000000f556                memset
 .text.avr-libc
                0x000000000000f564       0x16 /usr/lib/gcc/avr/10.2.0/../../../../avr/lib/avrxmega7/libc.a(strchr.o)
                0x000000000000f564                strchr
 .text.avr-libc
                0x000000000000f57a        0xe /usr/lib/gcc/avr/10.2.0/../../../../avr/lib/avrxmega7/libc.a(strcpy.o)
                0x000000000000f57a                strcpy
 .text.avr-libc
                0x000000000000f588       0x6e /usr/lib/gcc/avr/10.2.0/../../../../avr/lib/avrxmega7/libc.a(snprintf.o)
                0x000000000000f588                snprintf
 .text.avr-libc
                0x000000000000f5f6       0x6e /usr/lib/gcc/avr/10.2.0/../../../../avr/lib/avrxmega7/libc.a(snprintf_p.o)
                0x000000000000f5f6                snprintf_P
 .text.avr-libc
                0x000000000000f664       0x38 /usr/lib/gcc/avr/10.2.0/../../../../avr/lib/avrxmega7/libc.a(sscanf_p.o)
                0x000000000000f664                sscanf_P
 .text.avr-libc
                0x000000000000f69c      0x3ec /usr/lib/gcc/avr/10.2.0/../../../../avr/lib/avrxmega7/libc.a(vfprintf_std.o)
                0x000000000000f69c                vfprintf
 .text.avr-libc
                0x000000000000fa88      0x5c2 /usr/lib/gcc/avr/10.2.0/../../../../avr/lib/avrxmega7/libc.a(vfscanf_std.o)
                0x000000000000fdd6                vfscanf
 .text.avr-libc
                0x000000000001004a       0x12 /usr/lib/gcc/avr/10.2.0/../../../../avr/lib/avrxmega7/libc.a(isspace.o)
                0x000000000001004a                isspace
 .text.avr-libc
                0x000000000001005c       0x16 /usr/lib/gcc/avr/10.2.0/../../../../avr/lib/avrxmega7/libc.a(strchr_P.o)
                0x000000000001005c                strchr_P
 .text.avr-libc
                0x0000000000010072       0x16 /usr/lib/gcc/avr/10.2.0/../../../../avr/lib/avrxmega7/libc.a(strnlen_P.o)
                0x0000000000010072                strnlen_P
 .text.avr-libc
                0x0000000000010088       0x16 /usr/lib/gcc/avr/10.2.0/../../../../avr/lib/avrxmega7/libc.a(strnlen.o)
                0x0000000000010088                strnlen
 .text.avr-libc
                0x000000000001009e       0x7c /usr/lib/gcc/avr/10.2.0/../../../../avr/lib/avrxmega7/libc.a(fgetc.o)
                0x000000000001009e                fgetc
 .text.avr-libc
                0x000000000001011a       0x60 /usr/lib/gcc/avr/10.2.0/../../../../avr/lib/avrxmega7/libc.a(fputc.o)
                0x000000000001011a                fputc
 .text.avr-libc
                0x000000000001017a       0x30 /usr/lib/gcc/avr/10.2.0/../../../../avr/lib/avrxmega7/libc.a(ungetc.o)
                0x000000000001017a                ungetc
 .text.avr-libc
                0x00000000000101aa       0xbc /usr/lib/gcc/avr/10.2.0/../../../../avr/lib/avrxmega7/libc.a(ultoa_invert.o)
                0x00000000000101aa                __ultoa_invert
 .text.avr-libc
                0x0000000000010266        0x6 /usr/lib/gcc/avr/10.2.0/../../../../avr/lib/avrxmega7/libc.a(cty_isfalse.o)
                0x0000000000010266                __ctype_isfalse
                0x000000000001026a                __ctype_istrue
 .text.avr-libc
                0x000000000001026c       0x20 /usr/lib/gcc/avr/10.2.0/../../../../avr/lib/avrxmega7/libatxmega128a4u.a(eerd_byte.o)
                0x000000000001026c                eeprom_read_byte
                0x0000000000010274                eeprom_mapen
 .text.avr-libc
                0x000000000001028c       0x16 /usr/lib/gcc/avr/10.2.0/../../../../avr/lib/avrxmega7/libatxmega128a4u.a(eeupd_byte.o)
                0x000000000001028c                eeprom_update_byte
                0x000000000001028e                eeprom_update_r18
 .text.avr-libc
                0x00000000000102a2        0xc /usr/lib/gcc/avr/10.2.0/../../../../avr/lib/avrxmega7/libatxmega128a4u.a(eeupd_word.o)
                0x00000000000102a2                eeprom_update_word
 .text.avr-libc
                0x00000000000102ae       0x46 /usr/lib/gcc/avr/10.2.0/../../../../avr/lib/avrxmega7/libatxmega128a4u.a(eewr_byte.o)
                0x00000000000102ae                eeprom_write_byte
                0x00000000000102b0                eeprom_write_r18
 .text.libgcc.div
                0x00000000000102f4       0x2e /usr/lib/gcc/avr/10.2.0/avrxmega7/libgcc.a(_divmodsi4.o)
                0x00000000000102f4                __divmodsi4
 .text.libgcc.div
                0x0000000000010322       0x10 /usr/lib/gcc/avr/10.2.0/avrxmega7/libgcc.a(_negsi2.o)
                0x0000000000010322                __negsi2
 .text.libgcc.div
                0x0000000000010332       0x44 /usr/lib/gcc/avr/10.2.0/avrxmega7/libgcc.a(_udivmodsi4.o)
                0x0000000000010332                __udivmodsi4
                0x0000000000010376                . = ALIGN (0x2)
 *(.fini9)
 .fini9         0x0000000000010376        0x0 /usr/lib/gcc/avr/10.2.0/avrxmega7/libgcc.a(_exit.o)
                0x0000000000010376                exit
                0x0000000000010376                _exit
 *(.fini9)
 *(.fini8)
 *(.fini8)
 *(.fini7)
 *(.fini7)
 *(.fini6)
 *(.fini6)
 *(.fini5)
 *(.fini5)
 *(.fini4)
 *(.fini4)
 *(.fini3)
 *(.fini3)
 *(.fini2)
 *(.fini2)
 *(.fini1)
 *(.fini1)
 *(.fini0)
 .fini0         0x0000000000010376        0x4 /usr/lib/gcc/avr/10.2.0/avrxmega7/libgcc.a(_exit.o)
 *(.fini0)
 *(.hightext)
 *(.hightext*)
 *(.progmemx.*)
                0x000000000001037a                . = ALIGN (0x2)
 *(.jumptables)
 *(.jumptables*)
                0x000000000001037a                _etext = .

.data           0x0000000000802000      0x4bc load address 0x000000000001037a
                0x0000000000802000                PROVIDE (__data_start = .)
 *(.data)
 .data          0x0000000000802000        0x2 Bin/Log.o
 .data          0x0000000000802002       0x2f Bin/LED.o
                0x0000000000802003                LedConfig
                0x0000000000802030                LedMode
 .data          0x0000000000802031        0x4 Bin/Uart.o
                0x0000000000802031                dwBaudRate
 .data          0x0000000000802035       0x17 Bin/uartcmd.o
                0x0000000000802036                bVersion
                0x000000000080204b                bKeepAlive
 .data          0x000000000080204c       0x1c Bin/Terminal.o
                0x000000000080204d                TerminalHandle
 .data          0x0000000000802068        0x2 Bin/Codec.o
                0x0000000000802068                Reader_FWT
 .data          0x000000000080206a        0x2 Bin/MifareClassic.o
 .data          0x000000000080206c        0x2 Bin/Sniff14443A.o
 .data          0x000000000080206e        0x4 /usr/lib/gcc/avr/10.2.0/../../../../avr/lib/avrxmega7/libc.a(rand.o)
 *(.data*)
 *(.gnu.linkonce.d*)
 *(.rodata)
 .rodata        0x0000000000802072       0x1a Bin/ISO14443-2A.o
 .rodata        0x000000000080208c       0x10 Bin/MifareClassic.o
 .rodata        0x000000000080209c      0x360 Bin/Crypto1.o
 .rodata        0x00000000008023fc       0x18 Bin/ISO15693.o
 *(.rodata*)
 .rodata.str1.1
                0x0000000000802414        0x6 Bin/Button.o
 .rodata.str1.1
                0x000000000080241a        0x4 Bin/Commands.o
                                          0x5 (size before relaxing)
 .rodata.str1.1
                0x000000000080241e       0x9d Bin/Reader14443A.o
 .rodata.str1.1
                0x00000000008024bb        0x6 Bin/Sniff14443A.o
 *(.gnu.linkonce.r*)
                0x00000000008024c2                . = ALIGN (0x2)
 *fill*         0x00000000008024bb        0x1 
                0x00000000008024bc                _edata = .
                0x00000000008024bc                PROVIDE (__data_end = .)

.bss            0x00000000008024bc     0x27fb
                0x00000000008024bc                PROVIDE (__bss_start = .)
 *(.bss)
 .bss           0x00000000008024bc      0x122 Bin/Configuration.o
                0x00000000008024bc                ActiveConfiguration
 .bss           0x00000000008025de        0x3 Bin/Memory.o
                0x00000000008025de                bSramWriteFlag
                0x00000000008025df                bUidMode
 .bss           0x00000000008025e1      0x10b Bin/Button.o
 .bss           0x00000000008026ec      0x807 Bin/Log.o
                0x00000000008026ec                CurrentLogFunc
 .bss           0x0000000000802ef3       0x78 Bin/Settings.o
                0x0000000000802ef3                GlobalSettings
 .bss           0x0000000000802f6b        0x4 Bin/LED.o
                0x0000000000802f6b                LEDRedAction
                0x0000000000802f6c                LEDGreenAction
 .bss           0x0000000000802f6f      0x511 Bin/Uart.o
                0x0000000000802f6f                tbuf
                0x0000000000803173                rbuf
 .bss           0x0000000000803480      0x20b Bin/uartcmd.o
                0x0000000000803480                CmdBuffer
                0x0000000000803580                CmdLen
 .bss           0x000000000080368b      0x202 Bin/Terminal.o
                0x000000000080368b                TerminalState
                0x000000000080368c                TerminalBuffer
                0x000000000080388c                bUSBTerminal
 .bss           0x000000000080388d      0x109 Bin/Commands.o
 .bss           0x0000000000803996        0xe Bin/XModem.o
 .bss           0x00000000008039a4        0x7 Bin/CommandLine.o
                0x00000000008039a4                CommandLinePendingTaskTimeout
 .bss           0x00000000008039ab      0x210 Bin/Codec.o
                0x00000000008039ab                CodecBuffer2
                0x0000000000803aab                CodecBuffer
 .bss           0x0000000000803bbb      0x10b Bin/ISO14443-2A.o
 .bss           0x0000000000803cc6      0x10f Bin/Reader14443-2A.o
 .bss           0x0000000000803dd5      0x113 Bin/SniffISO14443-2A.o
 .bss           0x0000000000803ee8      0x132 Bin/MifareUltralight.o
 .bss           0x000000000080401a      0x144 Bin/MifareClassic.o
                0x000000000080401a                AuthDataLog
 .bss           0x000000000080415e        0xd Bin/Crypto1.o
 .bss           0x000000000080416b      0x1e5 Bin/Reader14443A.o
                0x000000000080416b                Reader14443CurrentCommand
 .bss           0x0000000000804350       0x81 Bin/Sniff14443A.o
                0x0000000000804350                Sniff14443CurrentCommand
 .bss           0x00000000008043d1      0x118 Bin/ISO15693.o
 .bss           0x00000000008044e9      0x10a Bin/Vicinity.o
 .bss           0x00000000008045f3      0x10a Bin/Sl2s2002.o
 .bss           0x00000000008046fd      0x118 Bin/TITagitstandard.o
                0x00000000008046fd                FrameInfo
                0x0000000000804706                FactoryLockBits_Mask
                0x0000000000804708                UserLockBits_Mask
                0x000000000080470a                MyAFI
 .bss           0x0000000000804815      0x115 Bin/EM4233.o
                0x000000000080481f                loggedIn
 .bss           0x000000000080492a        0x3 Bin/DeviceStandardReq.o
                0x000000000080492a                USB_Device_RemoteWakeupEnabled
                0x000000000080492b                USB_Device_CurrentlySelfPowered
                0x000000000080492c                USB_Device_ConfigurationNumber
 .bss           0x000000000080492d        0xa Bin/USBTask.o
                0x000000000080492d                USB_DeviceState
                0x000000000080492e                USB_ControlRequest
                0x0000000000804936                USB_IsInitialized
 .bss           0x0000000000804937      0x31d Bin/Endpoint_XMEGA.o
                0x0000000000804937                USB_Endpoint_SelectedFIFO
                0x0000000000804939                USB_Endpoint_SelectedHandle
                0x000000000080493b                USB_Endpoint_SelectedEndpoint
                0x000000000080493c                USB_Endpoint_FIFOs
 .bss           0x0000000000804c54       0x63 Bin/USBController_XMEGA.o
                0x0000000000804c54                USB_EndpointTable
 *(.bss*)
 *(COMMON)
                0x0000000000804cb7                PROVIDE (__bss_end = .)
                0x000000000001037a                __data_load_start = LOADADDR (.data)
                0x0000000000010836                __data_load_end = (__data_load_start + SIZEOF (.data))

.noinit         0x0000000000804cb7        0x0
                [!provide]                        PROVIDE (__noinit_start = .)
 *(.noinit*)
                [!provide]                        PROVIDE (__noinit_end = .)
                0x0000000000804cb7                _end = .
                [!provide]                        PROVIDE (__heap_start = .)

.eeprom         0x0000000000810000       0x7c
 *(.eeprom*)
 .eeprom        0x0000000000810000        0x2 Bin/Memory.o
                0x0000000000810000                bSramWriteFlag_EEP
                0x0000000000810001                bUidMode_EEP
 .eeprom        0x0000000000810002        0x1 Bin/Log.o
 .eeprom        0x0000000000810003       0x78 Bin/Settings.o
                0x0000000000810003                StoredSettings
 .eeprom        0x000000000081007b        0x1 Bin/MifareClassic.o
                0x000000000081007c                __eeprom_end = .

.fuse
 *(.fuse)
 *(.lfuse)
 *(.hfuse)
 *(.efuse)

.lock
 *(.lock*)

.signature
 *(.signature*)

.stab
 *(.stab)

.stabstr
 *(.stabstr)

.stab.excl
 *(.stab.excl)

.stab.exclstr
 *(.stab.exclstr)

.stab.index
 *(.stab.index)

.stab.indexstr
 *(.stab.indexstr)

.comment        0x0000000000000000       0x24
 *(.comment)
 .comment       0x0000000000000000       0x12 Bin/Chameleon-Mini.o
                                         0x13 (size before relaxing)
 .comment       0x0000000000000012       0x13 Bin/LUFADescriptors.o
 .comment       0x0000000000000012       0x13 Bin/System.o
 .comment       0x0000000000000012       0x13 Bin/Configuration.o
 .comment       0x0000000000000012       0x13 Bin/Random.o
 .comment       0x0000000000000012       0x13 Bin/Common.o
 .comment       0x0000000000000012       0x13 Bin/Memory.o
 .comment       0x0000000000000012       0x13 Bin/Button.o
 .comment       0x0000000000000012       0x13 Bin/Log.o
 .comment       0x0000000000000012       0x13 Bin/Settings.o
 .comment       0x0000000000000012       0x13 Bin/LED.o
 .comment       0x0000000000000012       0x13 Bin/Map.o
 .comment       0x0000000000000012       0x13 Bin/AntennaLevel.o
 .comment       0x0000000000000012       0x13 Bin/Uart.o
 .comment       0x0000000000000012       0x13 Bin/uartcmd.o
 .comment       0x0000000000000012       0x13 Bin/Terminal.o
 .comment       0x0000000000000012       0x13 Bin/Commands.o
 .comment       0x0000000000000012       0x13 Bin/XModem.o
 .comment       0x0000000000000012       0x13 Bin/CommandLine.o
 .comment       0x0000000000000012       0x13 Bin/Codec.o
 .comment       0x0000000000000012       0x13 Bin/ISO14443-2A.o
 .comment       0x0000000000000012       0x13 Bin/Reader14443-2A.o
 .comment       0x0000000000000012       0x13 Bin/SniffISO14443-2A.o
 .comment       0x0000000000000012       0x13 Bin/MifareUltralight.o
 .comment       0x0000000000000012       0x13 Bin/MifareClassic.o
 .comment       0x0000000000000012       0x13 Bin/ISO14443-3A.o
 .comment       0x0000000000000012       0x13 Bin/Crypto1.o
 .comment       0x0000000000000012       0x13 Bin/Reader14443A.o
 .comment       0x0000000000000012       0x13 Bin/Sniff14443A.o
 .comment       0x0000000000000012       0x13 Bin/ISO15693.o
 .comment       0x0000000000000012       0x13 Bin/Vicinity.o
 .comment       0x0000000000000012       0x13 Bin/Sl2s2002.o
 .comment       0x0000000000000012       0x13 Bin/TITagitstandard.o
 .comment       0x0000000000000012       0x13 Bin/ISO15693-A.o
 .comment       0x0000000000000012       0x13 Bin/EM4233.o
 .comment       0x0000000000000012       0x13 Bin/DeviceStandardReq.o
 .comment       0x0000000000000012       0x13 Bin/Events.o
 .comment       0x0000000000000012       0x13 Bin/USBTask.o
 .comment       0x0000000000000012       0x13 Bin/EndpointStream_XMEGA.o
 .comment       0x0000000000000012       0x13 Bin/Endpoint_XMEGA.o
 .comment       0x0000000000000012       0x13 Bin/USBController_XMEGA.o
 .comment       0x0000000000000012       0x13 Bin/USBInterrupt_XMEGA.o
 .comment       0x0000000000000012       0x13 Bin/CDCClassDevice.o
 .comment       0x0000000000000012       0x12 /usr/lib/gcc/avr/10.2.0/../../../../avr/lib/avrxmega7/libc.a(rand.o)
                                         0x13 (size before relaxing)
 .comment       0x0000000000000024       0x13 /usr/lib/gcc/avr/10.2.0/../../../../avr/lib/avrxmega7/libc.a(snprintf.o)
 .comment       0x0000000000000024       0x13 /usr/lib/gcc/avr/10.2.0/../../../../avr/lib/avrxmega7/libc.a(snprintf_p.o)
 .comment       0x0000000000000024       0x13 /usr/lib/gcc/avr/10.2.0/../../../../avr/lib/avrxmega7/libc.a(sscanf_p.o)
 .comment       0x0000000000000024       0x13 /usr/lib/gcc/avr/10.2.0/../../../../avr/lib/avrxmega7/libc.a(vfprintf_std.o)
 .comment       0x0000000000000024       0x13 /usr/lib/gcc/avr/10.2.0/../../../../avr/lib/avrxmega7/libc.a(vfscanf_std.o)
 .comment       0x0000000000000024       0x13 /usr/lib/gcc/avr/10.2.0/../../../../avr/lib/avrxmega7/libc.a(fgetc.o)
 .comment       0x0000000000000024       0x13 /usr/lib/gcc/avr/10.2.0/../../../../avr/lib/avrxmega7/libc.a(fputc.o)
 .comment       0x0000000000000024       0x13 /usr/lib/gcc/avr/10.2.0/../../../../avr/lib/avrxmega7/libc.a(ungetc.o)

.note.gnu.avr.deviceinfo
                0x0000000000000000       0x40
 .note.gnu.avr.deviceinfo
                0x0000000000000000       0x40 /usr/lib/gcc/avr/10.2.0/../../../../avr/lib/avrxmega7/crtatxmega128a4u.o

.note.gnu.build-id
 *(.note.gnu.build-id)

.debug
 *(.debug)

.line
 *(.line)

.debug_srcinfo
 *(.debug_srcinfo)

.debug_sfnames
 *(.debug_sfnames)

.debug_aranges  0x0000000000000000     0x10b8
 *(.debug_aranges)
 .debug_aranges
                0x0000000000000000       0x20 Bin/Chameleon-Mini.o
 .debug_aranges
                0x0000000000000020       0x20 Bin/LUFADescriptors.o
 .debug_aranges
                0x0000000000000040       0x60 Bin/System.o
 .debug_aranges
                0x00000000000000a0       0x58 Bin/Configuration.o
 .debug_aranges
                0x00000000000000f8       0x38 Bin/Random.o
 .debug_aranges
                0x0000000000000130       0x28 Bin/Common.o
 .debug_aranges
                0x0000000000000158       0x78 Bin/Memory.o
 .debug_aranges
                0x00000000000001d0       0x28 Bin/MemoryAsm.o
 .debug_aranges
                0x00000000000001f8       0x50 Bin/Button.o
 .debug_aranges
                0x0000000000000248       0x90 Bin/Log.o
 .debug_aranges
                0x00000000000002d8       0x50 Bin/Settings.o
 .debug_aranges
                0x0000000000000328       0x60 Bin/LED.o
 .debug_aranges
                0x0000000000000388       0x30 Bin/Map.o
 .debug_aranges
                0x00000000000003b8       0x20 Bin/AntennaLevel.o
 .debug_aranges
                0x00000000000003d8       0x58 Bin/Uart.o
 .debug_aranges
                0x0000000000000430       0x48 Bin/uartcmd.o
 .debug_aranges
                0x0000000000000478       0x78 Bin/Terminal.o
 .debug_aranges